

================================================================
== Vitis HLS Report for 'dense_latency_ap_ufixed_6_0_4_0_0_ap_fixed_19_8_5_3_0_config7_s'
================================================================
* Date:           Tue Apr  1 20:13:06 2025

* Version:        2023.1 (Build 3854077 on May  4 2023)
* Project:        model_test_prj
* Solution:       solution1 (Vivado IP Flow Target)
* Product family: virtexuplus
* Target device:  xcu250-figd2104-2L-e


================================================================
== Performance Estimates
================================================================
+ Timing: 
    * Summary: 
    +--------+---------+----------+------------+
    |  Clock |  Target | Estimated| Uncertainty|
    +--------+---------+----------+------------+
    |ap_clk  |  5.00 ns|  3.637 ns|     1.35 ns|
    +--------+---------+----------+------------+

+ Latency: 
    * Summary: 
    +---------+---------+----------+----------+-----+-----+---------+
    |  Latency (cycles) |  Latency (absolute) |  Interval | Pipeline|
    |   min   |   max   |    min   |    max   | min | max |   Type  |
    +---------+---------+----------+----------+-----+-----+---------+
    |        1|        1|  5.000 ns|  5.000 ns|    1|    1|      yes|
    +---------+---------+----------+----------+-----+-----+---------+

    + Detail: 
        * Instance: 
        N/A

        * Loop: 
        N/A



================================================================
== Utilization Estimates
================================================================
* Summary: 
+---------------------+---------+-------+---------+---------+------+
|         Name        | BRAM_18K|  DSP  |    FF   |   LUT   | URAM |
+---------------------+---------+-------+---------+---------+------+
|DSP                  |        -|      -|        -|        -|     -|
|Expression           |        -|      -|        0|     1542|     -|
|FIFO                 |        -|      -|        -|        -|     -|
|Instance             |        -|      0|        0|       92|     -|
|Memory               |        -|      -|        -|        -|     -|
|Multiplexer          |        -|      -|        -|       18|     -|
|Register             |        -|      -|      232|        -|     -|
+---------------------+---------+-------+---------+---------+------+
|Total                |        0|      0|      232|     1652|     0|
+---------------------+---------+-------+---------+---------+------+
|Available SLR        |     1344|   3072|   864000|   432000|   320|
+---------------------+---------+-------+---------+---------+------+
|Utilization SLR (%)  |        0|      0|       ~0|       ~0|     0|
+---------------------+---------+-------+---------+---------+------+
|Available            |     5376|  12288|  3456000|  1728000|  1280|
+---------------------+---------+-------+---------+---------+------+
|Utilization (%)      |        0|      0|       ~0|       ~0|     0|
+---------------------+---------+-------+---------+---------+------+

+ Detail: 
    * Instance: 
    +--------------------------+--------------------+---------+----+---+----+-----+
    |         Instance         |       Module       | BRAM_18K| DSP| FF| LUT| URAM|
    +--------------------------+--------------------+---------+----+---+----+-----+
    |mul_6ns_5ns_10_1_1_U2371  |mul_6ns_5ns_10_1_1  |        0|   0|  0|  23|    0|
    |mul_6ns_5ns_10_1_1_U2372  |mul_6ns_5ns_10_1_1  |        0|   0|  0|  23|    0|
    |mul_6ns_5ns_10_1_1_U2373  |mul_6ns_5ns_10_1_1  |        0|   0|  0|  23|    0|
    |mul_6ns_5ns_10_1_1_U2374  |mul_6ns_5ns_10_1_1  |        0|   0|  0|  23|    0|
    +--------------------------+--------------------+---------+----+---+----+-----+
    |Total                     |                    |        0|   0|  0|  92|    0|
    +--------------------------+--------------------+---------+----+---+----+-----+

    * DSP: 
    N/A

    * Memory: 
    N/A

    * FIFO: 
    N/A

    * Expression: 
    +---------------------------+----------+----+---+----+------------+------------+
    |       Variable Name       | Operation| DSP| FF| LUT| Bitwidth P0| Bitwidth P1|
    +---------------------------+----------+----+---+----+------------+------------+
    |add_ln58_10_fu_2292_p2     |         +|   0|  0|  15|           8|           8|
    |add_ln58_11_fu_2302_p2     |         +|   0|  0|  16|           9|           9|
    |add_ln58_12_fu_2668_p2     |         +|   0|  0|  17|          12|          12|
    |add_ln58_13_fu_2678_p2     |         +|   0|  0|  16|          15|          15|
    |add_ln58_14_fu_2688_p2     |         +|   0|  0|  20|          13|          13|
    |add_ln58_15_fu_2698_p2     |         +|   0|  0|  16|          16|          16|
    |add_ln58_16_fu_2704_p2     |         +|   0|  0|  17|          13|          13|
    |add_ln58_17_fu_2308_p2     |         +|   0|  0|  19|          12|          12|
    |add_ln58_18_fu_2713_p2     |         +|   0|  0|  17|          13|          13|
    |add_ln58_19_fu_2723_p2     |         +|   0|  0|  16|          16|          16|
    |add_ln58_1_fu_2254_p2      |         +|   0|  0|  16|           9|           9|
    |add_ln58_20_fu_2314_p2     |         +|   0|  0|  18|          11|          11|
    |add_ln58_21_fu_2324_p2     |         +|   0|  0|  19|          12|          12|
    |add_ln58_22_fu_2330_p2     |         +|   0|  0|  18|          11|          11|
    |add_ln58_23_fu_2336_p2     |         +|   0|  0|  18|          11|          11|
    |add_ln58_24_fu_2738_p2     |         +|   0|  0|  19|          12|          12|
    |add_ln58_25_fu_2748_p2     |         +|   0|  0|  20|          13|          13|
    |add_ln58_26_fu_2758_p2     |         +|   0|  0|  16|          16|          16|
    |add_ln58_27_fu_2342_p2     |         +|   0|  0|  17|          11|          11|
    |add_ln58_28_fu_2348_p2     |         +|   0|  0|  17|          11|          11|
    |add_ln58_29_fu_2354_p2     |         +|   0|  0|  17|          10|          10|
    |add_ln58_2_fu_2264_p2      |         +|   0|  0|  17|          10|          10|
    |add_ln58_30_fu_2364_p2     |         +|   0|  0|  17|          10|          10|
    |add_ln58_31_fu_2374_p2     |         +|   0|  0|  18|          11|          11|
    |add_ln58_32_fu_2770_p2     |         +|   0|  0|  19|          12|          12|
    |add_ln58_33_fu_2380_p2     |         +|   0|  0|  18|          10|          10|
    |add_ln58_34_fu_2386_p2     |         +|   0|  0|  16|           9|           9|
    |add_ln58_35_fu_2396_p2     |         +|   0|  0|  18|          10|          10|
    |add_ln58_36_fu_2402_p2     |         +|   0|  0|  16|           9|           9|
    |add_ln58_37_fu_2412_p2     |         +|   0|  0|  15|           8|           8|
    |add_ln58_38_fu_2422_p2     |         +|   0|  0|  17|          10|          10|
    |add_ln58_39_fu_2786_p2     |         +|   0|  0|  18|          11|          11|
    |add_ln58_3_fu_2274_p2      |         +|   0|  0|  16|          14|          14|
    |add_ln58_40_fu_2796_p2     |         +|   0|  0|  20|          13|          13|
    |add_ln58_41_fu_2806_p2     |         +|   0|  0|  16|          16|          16|
    |add_ln58_42_fu_2816_p2     |         +|   0|  0|  21|          14|          14|
    |add_ln58_43_fu_2826_p2     |         +|   0|  0|  17|          17|          17|
    |add_ln58_44_fu_2428_p2     |         +|   0|  0|  18|          10|          10|
    |add_ln58_45_fu_2434_p2     |         +|   0|  0|  18|          10|          10|
    |add_ln58_46_fu_2835_p2     |         +|   0|  0|  17|          17|          17|
    |add_ln58_4_fu_2631_p2      |         +|   0|  0|  22|          15|          15|
    |add_ln58_5_fu_2280_p2      |         +|   0|  0|  19|          12|          12|
    |add_ln58_6_fu_2640_p2      |         +|   0|  0|  20|          13|          13|
    |add_ln58_7_fu_2650_p2      |         +|   0|  0|  16|          15|          15|
    |add_ln58_8_fu_2286_p2      |         +|   0|  0|  18|          11|          11|
    |add_ln58_9_fu_2659_p2      |         +|   0|  0|  17|          12|          12|
    |add_ln58_fu_2248_p2        |         +|   0|  0|  16|          14|          14|
    |add_ln73_1_fu_2008_p2      |         +|   0|  0|  17|          10|          10|
    |add_ln73_2_fu_2060_p2      |         +|   0|  0|  16|           9|           9|
    |add_ln73_fu_1857_p2        |         +|   0|  0|  17|          10|          10|
    |sub_ln73_10_fu_1521_p2     |         -|   0|  0|  17|          10|          10|
    |sub_ln73_11_fu_1543_p2     |         -|   0|  0|  17|           1|          10|
    |sub_ln73_12_fu_1553_p2     |         -|   0|  0|  18|          11|          11|
    |sub_ln73_13_fu_2462_p2     |         -|   0|  0|  17|          10|          10|
    |sub_ln73_14_fu_1571_p2     |         -|   0|  0|  15|           1|           8|
    |sub_ln73_15_fu_1593_p2     |         -|   0|  0|  16|           1|           9|
    |sub_ln73_16_fu_1603_p2     |         -|   0|  0|  17|          10|          10|
    |sub_ln73_17_fu_1621_p2     |         -|   0|  0|  16|           1|           9|
    |sub_ln73_18_fu_1639_p2     |         -|   0|  0|  16|           1|           9|
    |sub_ln73_19_fu_1665_p2     |         -|   0|  0|  17|           1|          10|
    |sub_ln73_1_fu_1449_p2      |         -|   0|  0|  14|           1|           7|
    |sub_ln73_20_fu_1687_p2     |         -|   0|  0|  18|          11|          11|
    |sub_ln73_21_fu_1705_p2     |         -|   0|  0|  15|           1|           8|
    |sub_ln73_22_fu_1750_p2     |         -|   0|  0|  17|           1|          10|
    |sub_ln73_23_fu_1790_p2     |         -|   0|  0|  17|          10|          10|
    |sub_ln73_24_fu_1835_p2     |         -|   0|  0|  15|           1|           8|
    |sub_ln73_25_fu_2490_p2     |         -|   0|  0|  18|          11|          11|
    |sub_ln73_26_fu_1875_p2     |         -|   0|  0|  17|           1|          10|
    |sub_ln73_27_fu_1897_p2     |         -|   0|  0|  18|          11|          11|
    |sub_ln73_28_fu_2518_p2     |         -|   0|  0|  18|          11|          11|
    |sub_ln73_29_fu_1915_p2     |         -|   0|  0|  17|           1|          10|
    |sub_ln73_2_fu_1760_p2      |         -|   0|  0|  14|           1|           7|
    |sub_ln73_30_fu_1937_p2     |         -|   0|  0|  17|           1|          10|
    |sub_ln73_31_fu_1947_p2     |         -|   0|  0|  18|          11|          11|
    |sub_ln73_32_fu_1965_p2     |         -|   0|  0|  17|           1|          10|
    |sub_ln73_33_fu_2538_p2     |         -|   0|  0|  16|           9|           9|
    |sub_ln73_34_fu_2566_p2     |         -|   0|  0|  17|          10|          10|
    |sub_ln73_35_fu_1300_p2     |         -|   0|  0|  17|          10|          10|
    |sub_ln73_36_fu_1727_p2     |         -|   0|  0|  16|           9|           9|
    |sub_ln73_37_fu_1817_p2     |         -|   0|  0|  16|           9|           9|
    |sub_ln73_38_fu_2038_p2     |         -|   0|  0|  16|           9|           9|
    |sub_ln73_39_fu_2082_p2     |         -|   0|  0|  16|           9|           9|
    |sub_ln73_3_fu_1322_p2      |         -|   0|  0|  16|           9|           9|
    |sub_ln73_4_fu_1376_p2      |         -|   0|  0|  17|          10|          10|
    |sub_ln73_5_fu_1412_p2      |         -|   0|  0|  17|           1|          10|
    |sub_ln73_6_fu_1434_p2      |         -|   0|  0|  18|          11|          11|
    |sub_ln73_7_fu_1471_p2      |         -|   0|  0|  17|           1|          10|
    |sub_ln73_8_fu_1481_p2      |         -|   0|  0|  18|          11|          11|
    |sub_ln73_9_fu_1499_p2      |         -|   0|  0|  17|           1|          10|
    |sub_ln73_fu_1386_p2        |         -|   0|  0|  14|           1|           7|
    |ap_block_pp0_stage0_01001  |        or|   0|  0|   2|           1|           1|
    |ap_enable_pp0              |       xor|   0|  0|   2|           1|           2|
    +---------------------------+----------+----+---+----+------------+------------+
    |Total                      |          |   0|  0|1542|         829|         983|
    +---------------------------+----------+----+---+----+------------+------------+

    * Multiplexer: 
    +------------+----+-----------+-----+-----------+
    |    Name    | LUT| Input Size| Bits| Total Bits|
    +------------+----+-----------+-----+-----------+
    |ap_done     |   9|          2|    1|          2|
    |layer7_out  |   9|          2|   19|         38|
    +------------+----+-----------+-----+-----------+
    |Total       |  18|          4|   20|         40|
    +------------+----+-----------+-----+-----------+

    * Register: 
    +-------------------------+----+----+-----+-----------+
    |           Name          | FF | LUT| Bits| Const Bits|
    +-------------------------+----+----+-----+-----------+
    |add_ln58_11_reg_2911     |   9|   0|    9|          0|
    |add_ln58_17_reg_2916     |  12|   0|   12|          0|
    |add_ln58_21_reg_2921     |  12|   0|   12|          0|
    |add_ln58_22_reg_2926     |   8|   0|   11|          3|
    |add_ln58_23_reg_2931     |  11|   0|   11|          0|
    |add_ln58_28_reg_2936     |  11|   0|   11|          0|
    |add_ln58_31_reg_2941     |  11|   0|   11|          0|
    |add_ln58_35_reg_2946     |   9|   0|   10|          1|
    |add_ln58_38_reg_2951     |  10|   0|   10|          0|
    |add_ln58_3_reg_2896      |  14|   0|   14|          0|
    |add_ln58_45_reg_2956     |  10|   0|   10|          0|
    |add_ln58_5_reg_2901      |  12|   0|   12|          0|
    |add_ln58_8_reg_2906      |  11|   0|   11|          0|
    |ap_CS_fsm                |   1|   0|    1|          0|
    |ap_done_reg              |   1|   0|    1|          0|
    |ap_enable_reg_pp0_iter1  |   1|   0|    1|          0|
    |layer7_out_preg          |  19|   0|   19|          0|
    |p_read1563_reg_2870      |   6|   0|    6|          0|
    |p_read3280_reg_2864      |   6|   0|    6|          0|
    |p_read3583_reg_2858      |   6|   0|    6|          0|
    |p_read4391_reg_2852      |   6|   0|    6|          0|
    |p_read4694_reg_2846      |   6|   0|    6|          0|
    |sub_ln73_10_reg_2881     |  10|   0|   10|          0|
    |sub_ln73_12_reg_2886     |  11|   0|   11|          0|
    |sub_ln73_20_reg_2891     |  10|   0|   11|          1|
    |sub_ln73_4_reg_2876      |   9|   0|   10|          1|
    +-------------------------+----+----+-----+-----------+
    |Total                    | 232|   0|  238|          6|
    +-------------------------+----+----+-----+-----------+



================================================================
== Interface
================================================================
* Summary: 
+-------------------+-----+-----+------------+----------------------------------------------------------------------------+--------------+
|     RTL Ports     | Dir | Bits|  Protocol  |                                Source Object                               |    C Type    |
+-------------------+-----+-----+------------+----------------------------------------------------------------------------+--------------+
|ap_clk             |   in|    1|  ap_ctrl_hs|  dense_latency<ap_ufixed<6, 0, 4, 0, 0>, ap_fixed<19, 8, 5, 3, 0>, config7>|  return value|
|ap_rst             |   in|    1|  ap_ctrl_hs|  dense_latency<ap_ufixed<6, 0, 4, 0, 0>, ap_fixed<19, 8, 5, 3, 0>, config7>|  return value|
|ap_start           |   in|    1|  ap_ctrl_hs|  dense_latency<ap_ufixed<6, 0, 4, 0, 0>, ap_fixed<19, 8, 5, 3, 0>, config7>|  return value|
|ap_done            |  out|    1|  ap_ctrl_hs|  dense_latency<ap_ufixed<6, 0, 4, 0, 0>, ap_fixed<19, 8, 5, 3, 0>, config7>|  return value|
|ap_continue        |   in|    1|  ap_ctrl_hs|  dense_latency<ap_ufixed<6, 0, 4, 0, 0>, ap_fixed<19, 8, 5, 3, 0>, config7>|  return value|
|ap_idle            |  out|    1|  ap_ctrl_hs|  dense_latency<ap_ufixed<6, 0, 4, 0, 0>, ap_fixed<19, 8, 5, 3, 0>, config7>|  return value|
|ap_ready           |  out|    1|  ap_ctrl_hs|  dense_latency<ap_ufixed<6, 0, 4, 0, 0>, ap_fixed<19, 8, 5, 3, 0>, config7>|  return value|
|p_read             |   in|    6|     ap_none|                                                                      p_read|        scalar|
|p_read1            |   in|    6|     ap_none|                                                                     p_read1|        scalar|
|p_read2            |   in|    6|     ap_none|                                                                     p_read2|        scalar|
|p_read3            |   in|    6|     ap_none|                                                                     p_read3|        scalar|
|p_read4            |   in|    6|     ap_none|                                                                     p_read4|        scalar|
|p_read5            |   in|    6|     ap_none|                                                                     p_read5|        scalar|
|p_read6            |   in|    6|     ap_none|                                                                     p_read6|        scalar|
|p_read7            |   in|    6|     ap_none|                                                                     p_read7|        scalar|
|p_read8            |   in|    6|     ap_none|                                                                     p_read8|        scalar|
|p_read9            |   in|    6|     ap_none|                                                                     p_read9|        scalar|
|p_read10           |   in|    6|     ap_none|                                                                    p_read10|        scalar|
|p_read11           |   in|    6|     ap_none|                                                                    p_read11|        scalar|
|p_read12           |   in|    6|     ap_none|                                                                    p_read12|        scalar|
|p_read13           |   in|    6|     ap_none|                                                                    p_read13|        scalar|
|p_read14           |   in|    6|     ap_none|                                                                    p_read14|        scalar|
|p_read15           |   in|    6|     ap_none|                                                                    p_read15|        scalar|
|p_read16           |   in|    6|     ap_none|                                                                    p_read16|        scalar|
|p_read17           |   in|    6|     ap_none|                                                                    p_read17|        scalar|
|p_read18           |   in|    6|     ap_none|                                                                    p_read18|        scalar|
|p_read19           |   in|    6|     ap_none|                                                                    p_read19|        scalar|
|p_read20           |   in|    6|     ap_none|                                                                    p_read20|        scalar|
|p_read21           |   in|    6|     ap_none|                                                                    p_read21|        scalar|
|p_read22           |   in|    6|     ap_none|                                                                    p_read22|        scalar|
|p_read23           |   in|    6|     ap_none|                                                                    p_read23|        scalar|
|p_read24           |   in|    6|     ap_none|                                                                    p_read24|        scalar|
|p_read25           |   in|    6|     ap_none|                                                                    p_read25|        scalar|
|p_read26           |   in|    6|     ap_none|                                                                    p_read26|        scalar|
|p_read27           |   in|    6|     ap_none|                                                                    p_read27|        scalar|
|p_read28           |   in|    6|     ap_none|                                                                    p_read28|        scalar|
|p_read29           |   in|    6|     ap_none|                                                                    p_read29|        scalar|
|p_read30           |   in|    6|     ap_none|                                                                    p_read30|        scalar|
|p_read31           |   in|    6|     ap_none|                                                                    p_read31|        scalar|
|p_read32           |   in|    6|     ap_none|                                                                    p_read32|        scalar|
|p_read33           |   in|    6|     ap_none|                                                                    p_read33|        scalar|
|p_read34           |   in|    6|     ap_none|                                                                    p_read34|        scalar|
|p_read35           |   in|    6|     ap_none|                                                                    p_read35|        scalar|
|p_read36           |   in|    6|     ap_none|                                                                    p_read36|        scalar|
|p_read37           |   in|    6|     ap_none|                                                                    p_read37|        scalar|
|p_read38           |   in|    6|     ap_none|                                                                    p_read38|        scalar|
|p_read39           |   in|    6|     ap_none|                                                                    p_read39|        scalar|
|p_read40           |   in|    6|     ap_none|                                                                    p_read40|        scalar|
|p_read41           |   in|    6|     ap_none|                                                                    p_read41|        scalar|
|p_read42           |   in|    6|     ap_none|                                                                    p_read42|        scalar|
|p_read43           |   in|    6|     ap_none|                                                                    p_read43|        scalar|
|p_read44           |   in|    6|     ap_none|                                                                    p_read44|        scalar|
|p_read45           |   in|    6|     ap_none|                                                                    p_read45|        scalar|
|p_read46           |   in|    6|     ap_none|                                                                    p_read46|        scalar|
|p_read47           |   in|    6|     ap_none|                                                                    p_read47|        scalar|
|layer7_out         |  out|   19|      ap_vld|                                                                  layer7_out|       pointer|
|layer7_out_ap_vld  |  out|    1|      ap_vld|                                                                  layer7_out|       pointer|
+-------------------+-----+-----+------------+----------------------------------------------------------------------------+--------------+

