

================================================================
== Vivado HLS Report for 'softmax_stable_ap_fixed_ap_fixed_16_6_5_3_0_Softmax_config18_s'
================================================================
* Date:           Tue Dec 10 21:22:19 2024

* Version:        2020.1 (Build 2897737 on Wed May 27 20:21:37 MDT 2020)
* Project:        hls_deepset_pointwisePhi_ioparallel_prj
* Solution:       solution1
* Product family: virtexuplus
* Target device:  xcvu13p-flga2577-2-e


================================================================
== Performance Estimates
================================================================
+ Timing: 
    * Summary: 
    +--------+---------+----------+------------+
    |  Clock |  Target | Estimated| Uncertainty|
    +--------+---------+----------+------------+
    |ap_clk  | 5.00 ns | 4.113 ns |   0.62 ns  |
    +--------+---------+----------+------------+

+ Latency: 
    * Summary: 
    +---------+---------+-----------+-----------+-----+-----+----------+
    |  Latency (cycles) |   Latency (absolute)  |  Interval | Pipeline |
    |   min   |   max   |    min    |    max    | min | max |   Type   |
    +---------+---------+-----------+-----------+-----+-----+----------+
    |        4|        4| 20.000 ns | 20.000 ns |    1|    1| function |
    +---------+---------+-----------+-----------+-----+-----+----------+

    + Detail: 
        * Instance: 
        N/A

        * Loop: 
        N/A



================================================================
== Utilization Estimates
================================================================
* Summary: 
+---------------------+---------+-------+---------+---------+------+
|         Name        | BRAM_18K| DSP48E|    FF   |   LUT   | URAM |
+---------------------+---------+-------+---------+---------+------+
|DSP                  |        -|      5|        -|        -|     -|
|Expression           |        -|      -|        0|      823|     -|
|FIFO                 |        -|      -|        -|        -|     -|
|Instance             |        -|      -|        -|        -|     -|
|Memory               |        4|      -|        0|        0|     -|
|Multiplexer          |        -|      -|        -|        9|     -|
|Register             |        -|      -|      247|        -|     -|
+---------------------+---------+-------+---------+---------+------+
|Total                |        4|      5|      247|      832|     0|
+---------------------+---------+-------+---------+---------+------+
|Available SLR        |     1344|   3072|   864000|   432000|   320|
+---------------------+---------+-------+---------+---------+------+
|Utilization SLR (%)  |    ~0   |   ~0  |    ~0   |    ~0   |     0|
+---------------------+---------+-------+---------+---------+------+
|Available            |     5376|  12288|  3456000|  1728000|  1280|
+---------------------+---------+-------+---------+---------+------+
|Utilization (%)      |    ~0   |   ~0  |    ~0   |    ~0   |     0|
+---------------------+---------+-------+---------+---------+------+

+ Detail: 
    * Instance: 
    N/A

    * DSP48E: 
    +-------------------------------------------------------------------+-------------------------------------------------------------+-----------+
    |                              Instance                             |                            Module                           | Expression|
    +-------------------------------------------------------------------+-------------------------------------------------------------+-----------+
    |hls_deepset_pointwisePhi_ioparallel_mul_mul_18s_17ns_26_1_1_U4793  |hls_deepset_pointwisePhi_ioparallel_mul_mul_18s_17ns_26_1_1  |  i0 * i1  |
    |hls_deepset_pointwisePhi_ioparallel_mul_mul_18s_17ns_26_1_1_U4794  |hls_deepset_pointwisePhi_ioparallel_mul_mul_18s_17ns_26_1_1  |  i0 * i1  |
    |hls_deepset_pointwisePhi_ioparallel_mul_mul_18s_17ns_26_1_1_U4795  |hls_deepset_pointwisePhi_ioparallel_mul_mul_18s_17ns_26_1_1  |  i0 * i1  |
    |hls_deepset_pointwisePhi_ioparallel_mul_mul_18s_17ns_26_1_1_U4796  |hls_deepset_pointwisePhi_ioparallel_mul_mul_18s_17ns_26_1_1  |  i0 * i1  |
    |hls_deepset_pointwisePhi_ioparallel_mul_mul_18s_17ns_26_1_1_U4797  |hls_deepset_pointwisePhi_ioparallel_mul_mul_18s_17ns_26_1_1  |  i0 * i1  |
    +-------------------------------------------------------------------+-------------------------------------------------------------+-----------+

    * Memory: 
    +-----------------+------------------------------------------------------------------------------+---------+---+----+-----+------+-----+------+-------------+
    |      Memory     |                                    Module                                    | BRAM_18K| FF| LUT| URAM| Words| Bits| Banks| W*Bits*Banks|
    +-----------------+------------------------------------------------------------------------------+---------+---+----+-----+------+-----+------+-------------+
    |exp_table1_U     |softmax_stable_ap_fixed_ap_fixed_16_6_5_3_0_Softmax_config18_s_exp_table1     |        3|  0|   0|    0|  1024|   17|     1|        17408|
    |invert_table2_U  |softmax_stable_ap_fixed_ap_fixed_16_6_5_3_0_Softmax_config18_s_invert_table2  |        1|  0|   0|    0|  1024|   18|     1|        18432|
    +-----------------+------------------------------------------------------------------------------+---------+---+----+-----+------+-----+------+-------------+
    |Total            |                                                                              |        4|  0|   0|    0|  2048|   35|     2|        35840|
    +-----------------+------------------------------------------------------------------------------+---------+---+----+-----+------+-----+------+-------------+

    * FIFO: 
    N/A

    * Expression: 
    +----------------------------------+----------+-------+---+----+------------+------------+
    |           Variable Name          | Operation| DSP48E| FF| LUT| Bitwidth P0| Bitwidth P1|
    +----------------------------------+----------+-------+---+----+------------+------------+
    |p_Val2_11_fu_749_p2               |     +    |      0|  0|  25|          18|          18|
    |p_Val2_15_fu_793_p2               |     +    |      0|  0|  25|          18|          18|
    |p_Val2_19_fu_886_p2               |     +    |      0|  0|  25|          18|          18|
    |p_Val2_8_fu_719_p2                |     +    |      0|  0|  25|          18|          18|
    |ret_V_1_fu_872_p2                 |     +    |      0|  0|  26|          19|          19|
    |ret_V_fu_779_p2                   |     +    |      0|  0|  26|          19|          19|
    |sub_ln1193_1_fu_307_p2            |     -    |      0|  0|  30|          23|          23|
    |sub_ln1193_2_fu_333_p2            |     -    |      0|  0|  30|          23|          23|
    |sub_ln1193_3_fu_359_p2            |     -    |      0|  0|  30|          23|          23|
    |sub_ln1193_4_fu_385_p2            |     -    |      0|  0|  30|          23|          23|
    |sub_ln1193_fu_281_p2              |     -    |      0|  0|  30|          23|          23|
    |and_ln786_1_fu_486_p2             |    and   |      0|  0|   2|           1|           1|
    |and_ln786_2_fu_510_p2             |    and   |      0|  0|   2|           1|           1|
    |and_ln786_3_fu_534_p2             |    and   |      0|  0|   2|           1|           1|
    |and_ln786_4_fu_558_p2             |    and   |      0|  0|   2|           1|           1|
    |and_ln786_fu_462_p2               |    and   |      0|  0|   2|           1|           1|
    |underflow_1_fu_905_p2             |    and   |      0|  0|   2|           1|           1|
    |underflow_fu_813_p2               |    and   |      0|  0|   2|           1|           1|
    |icmp_ln1496_1_fu_231_p2           |   icmp   |      0|  0|  20|          22|          22|
    |icmp_ln1496_2_fu_245_p2           |   icmp   |      0|  0|  20|          22|          22|
    |icmp_ln1496_3_fu_259_p2           |   icmp   |      0|  0|  20|          22|          22|
    |icmp_ln1496_fu_217_p2             |   icmp   |      0|  0|  20|          22|          22|
    |ap_block_pp0_stage0_01001         |    or    |      0|  0|   2|           1|           1|
    |ap_block_state1_pp0_stage0_iter0  |    or    |      0|  0|   2|           1|           1|
    |or_ln340_1_fu_500_p2              |    or    |      0|  0|   2|           1|           1|
    |or_ln340_2_fu_524_p2              |    or    |      0|  0|   2|           1|           1|
    |or_ln340_3_fu_548_p2              |    or    |      0|  0|   2|           1|           1|
    |or_ln340_4_fu_572_p2              |    or    |      0|  0|   2|           1|           1|
    |or_ln340_5_fu_831_p2              |    or    |      0|  0|   2|           1|           1|
    |or_ln340_6_fu_923_p2              |    or    |      0|  0|   2|           1|           1|
    |or_ln340_fu_476_p2                |    or    |      0|  0|   2|           1|           1|
    |p_Val2_12_fu_733_p3               |  select  |      0|  0|  18|           1|          17|
    |p_Val2_13_fu_763_p3               |  select  |      0|  0|  18|           1|          17|
    |p_Val2_16_fu_853_p3               |  select  |      0|  0|  18|           1|          18|
    |select_ln340_12_fu_837_p3         |  select  |      0|  0|  18|           1|          17|
    |select_ln340_14_fu_939_p3         |  select  |      0|  0|  10|           1|           9|
    |select_ln340_2_fu_604_p3          |  select  |      0|  0|  10|           1|           9|
    |select_ln340_4_fu_631_p3          |  select  |      0|  0|  10|           1|           9|
    |select_ln340_6_fu_658_p3          |  select  |      0|  0|  10|           1|           9|
    |select_ln340_8_fu_685_p3          |  select  |      0|  0|  10|           1|           9|
    |select_ln340_fu_577_p3            |  select  |      0|  0|  10|           1|           9|
    |select_ln388_1_fu_611_p3          |  select  |      0|  0|  11|           1|          11|
    |select_ln388_2_fu_638_p3          |  select  |      0|  0|  11|           1|          11|
    |select_ln388_3_fu_665_p3          |  select  |      0|  0|  11|           1|          11|
    |select_ln388_4_fu_692_p3          |  select  |      0|  0|  11|           1|          11|
    |select_ln388_5_fu_845_p3          |  select  |      0|  0|  19|           1|          19|
    |select_ln388_6_fu_947_p3          |  select  |      0|  0|  11|           1|          11|
    |select_ln388_fu_584_p3            |  select  |      0|  0|  11|           1|          11|
    |select_ln65_1_fu_237_p3           |  select  |      0|  0|  22|           1|          22|
    |select_ln65_2_fu_251_p3           |  select  |      0|  0|  22|           1|          22|
    |select_ln65_fu_223_p3             |  select  |      0|  0|  22|           1|          22|
    |x_max_V_fu_265_p3                 |  select  |      0|  0|  22|           1|          22|
    |y_V_1_fu_618_p3                   |  select  |      0|  0|  10|           1|          10|
    |y_V_2_fu_645_p3                   |  select  |      0|  0|  10|           1|          10|
    |y_V_3_fu_672_p3                   |  select  |      0|  0|  10|           1|          10|
    |y_V_4_fu_699_p3                   |  select  |      0|  0|  10|           1|          10|
    |y_V_5_fu_955_p3                   |  select  |      0|  0|  10|           1|          10|
    |y_V_fu_591_p3                     |  select  |      0|  0|  10|           1|          10|
    |ap_enable_pp0                     |    xor   |      0|  0|   2|           1|           2|
    |xor_ln340_10_fu_819_p2            |    xor   |      0|  0|   2|           1|           1|
    |xor_ln340_11_fu_825_p2            |    xor   |      0|  0|   2|           1|           2|
    |xor_ln340_12_fu_911_p2            |    xor   |      0|  0|   2|           1|           1|
    |xor_ln340_13_fu_917_p2            |    xor   |      0|  0|   2|           1|           2|
    |xor_ln340_1_fu_495_p2             |    xor   |      0|  0|   2|           1|           2|
    |xor_ln340_2_fu_519_p2             |    xor   |      0|  0|   2|           1|           2|
    |xor_ln340_3_fu_543_p2             |    xor   |      0|  0|   2|           1|           2|
    |xor_ln340_4_fu_567_p2             |    xor   |      0|  0|   2|           1|           2|
    |xor_ln340_5_fu_467_p2             |    xor   |      0|  0|   2|           1|           1|
    |xor_ln340_6_fu_491_p2             |    xor   |      0|  0|   2|           1|           1|
    |xor_ln340_7_fu_515_p2             |    xor   |      0|  0|   2|           1|           1|
    |xor_ln340_8_fu_539_p2             |    xor   |      0|  0|   2|           1|           1|
    |xor_ln340_9_fu_563_p2             |    xor   |      0|  0|   2|           1|           1|
    |xor_ln340_fu_471_p2               |    xor   |      0|  0|   2|           1|           2|
    |xor_ln786_1_fu_481_p2             |    xor   |      0|  0|   2|           1|           2|
    |xor_ln786_2_fu_505_p2             |    xor   |      0|  0|   2|           1|           2|
    |xor_ln786_3_fu_529_p2             |    xor   |      0|  0|   2|           1|           2|
    |xor_ln786_4_fu_553_p2             |    xor   |      0|  0|   2|           1|           2|
    |xor_ln786_5_fu_807_p2             |    xor   |      0|  0|   2|           1|           2|
    |xor_ln786_6_fu_899_p2             |    xor   |      0|  0|   2|           1|           2|
    |xor_ln786_fu_457_p2               |    xor   |      0|  0|   2|           1|           2|
    +----------------------------------+----------+-------+---+----+------------+------------+
    |Total                             |          |      0|  0| 823|         378|         722|
    +----------------------------------+----------+-------+---+----+------------+------------+

    * Multiplexer: 
    +---------+----+-----------+-----+-----------+
    |   Name  | LUT| Input Size| Bits| Total Bits|
    +---------+----+-----------+-----+-----------+
    |ap_done  |   9|          2|    1|          2|
    +---------+----+-----------+-----+-----------+
    |Total    |   9|          2|    1|          2|
    +---------+----+-----------+-----+-----------+

    * Register: 
    +------------------------------------+----+----+-----+-----------+
    |                Name                | FF | LUT| Bits| Const Bits|
    +------------------------------------+----+----+-----+-----------+
    |ap_CS_fsm                           |   1|   0|    1|          0|
    |ap_done_reg                         |   1|   0|    1|          0|
    |ap_enable_reg_pp0_iter1             |   1|   0|    1|          0|
    |ap_enable_reg_pp0_iter2             |   1|   0|    1|          0|
    |ap_enable_reg_pp0_iter3             |   1|   0|    1|          0|
    |ap_enable_reg_pp0_iter4             |   1|   0|    1|          0|
    |exp_res_0_V_reg_1197                |  17|   0|   17|          0|
    |exp_res_0_V_reg_1197_pp0_iter3_reg  |  17|   0|   17|          0|
    |exp_res_1_V_reg_1202                |  17|   0|   17|          0|
    |exp_res_1_V_reg_1202_pp0_iter3_reg  |  17|   0|   17|          0|
    |exp_res_2_V_reg_1207                |  17|   0|   17|          0|
    |exp_res_2_V_reg_1207_pp0_iter3_reg  |  17|   0|   17|          0|
    |exp_res_3_V_reg_1212                |  17|   0|   17|          0|
    |exp_res_3_V_reg_1212_pp0_iter3_reg  |  17|   0|   17|          0|
    |exp_res_4_V_reg_1228                |  17|   0|   17|          0|
    |p_Val2_16_reg_1222                  |  18|   0|   18|          0|
    |tmp_10_reg_1107                     |   1|   0|    1|          0|
    |tmp_11_reg_1114                     |   1|   0|    1|          0|
    |tmp_12_reg_1121                     |   1|   0|    1|          0|
    |tmp_13_reg_1128                     |   1|   0|    1|          0|
    |tmp_14_reg_1135                     |   1|   0|    1|          0|
    |tmp_1_reg_1072                      |   1|   0|    1|          0|
    |tmp_2_reg_1148                      |  10|   0|   10|          0|
    |tmp_3_reg_1079                      |   1|   0|    1|          0|
    |tmp_4_reg_1154                      |  10|   0|   10|          0|
    |tmp_5_reg_1086                      |   1|   0|    1|          0|
    |tmp_6_reg_1160                      |  10|   0|   10|          0|
    |tmp_7_reg_1093                      |   1|   0|    1|          0|
    |tmp_8_reg_1166                      |  10|   0|   10|          0|
    |tmp_9_reg_1100                      |   1|   0|    1|          0|
    |tmp_reg_1142                        |  10|   0|   10|          0|
    |y_V_4_reg_1192                      |  10|   0|   10|          0|
    +------------------------------------+----+----+-----+-----------+
    |Total                               | 247|   0|  247|          0|
    +------------------------------------+----+----+-----+-----------+



================================================================
== Interface
================================================================
* Summary: 
+----------------+-----+-----+------------+----------------------------------------------------------------+--------------+
|    RTL Ports   | Dir | Bits|  Protocol  |                          Source Object                         |    C Type    |
+----------------+-----+-----+------------+----------------------------------------------------------------+--------------+
|ap_clk          |  in |    1| ap_ctrl_hs | softmax_stable<ap_fixed,ap_fixed<16,6,5,3,0>,Softmax_config18> | return value |
|ap_rst          |  in |    1| ap_ctrl_hs | softmax_stable<ap_fixed,ap_fixed<16,6,5,3,0>,Softmax_config18> | return value |
|ap_start        |  in |    1| ap_ctrl_hs | softmax_stable<ap_fixed,ap_fixed<16,6,5,3,0>,Softmax_config18> | return value |
|ap_done         | out |    1| ap_ctrl_hs | softmax_stable<ap_fixed,ap_fixed<16,6,5,3,0>,Softmax_config18> | return value |
|ap_continue     |  in |    1| ap_ctrl_hs | softmax_stable<ap_fixed,ap_fixed<16,6,5,3,0>,Softmax_config18> | return value |
|ap_idle         | out |    1| ap_ctrl_hs | softmax_stable<ap_fixed,ap_fixed<16,6,5,3,0>,Softmax_config18> | return value |
|ap_ready        | out |    1| ap_ctrl_hs | softmax_stable<ap_fixed,ap_fixed<16,6,5,3,0>,Softmax_config18> | return value |
|data_0_V_read   |  in |   22|   ap_none  |                          data_0_V_read                         |    scalar    |
|data_1_V_read   |  in |   22|   ap_none  |                          data_1_V_read                         |    scalar    |
|data_2_V_read   |  in |   22|   ap_none  |                          data_2_V_read                         |    scalar    |
|data_3_V_read   |  in |   22|   ap_none  |                          data_3_V_read                         |    scalar    |
|data_4_V_read   |  in |   22|   ap_none  |                          data_4_V_read                         |    scalar    |
|res_0_V         | out |   16|   ap_vld   |                             res_0_V                            |    pointer   |
|res_0_V_ap_vld  | out |    1|   ap_vld   |                             res_0_V                            |    pointer   |
|res_1_V         | out |   16|   ap_vld   |                             res_1_V                            |    pointer   |
|res_1_V_ap_vld  | out |    1|   ap_vld   |                             res_1_V                            |    pointer   |
|res_2_V         | out |   16|   ap_vld   |                             res_2_V                            |    pointer   |
|res_2_V_ap_vld  | out |    1|   ap_vld   |                             res_2_V                            |    pointer   |
|res_3_V         | out |   16|   ap_vld   |                             res_3_V                            |    pointer   |
|res_3_V_ap_vld  | out |    1|   ap_vld   |                             res_3_V                            |    pointer   |
|res_4_V         | out |   16|   ap_vld   |                             res_4_V                            |    pointer   |
|res_4_V_ap_vld  | out |    1|   ap_vld   |                             res_4_V                            |    pointer   |
+----------------+-----+-----+------------+----------------------------------------------------------------+--------------+

