

================================================================
== Vitis HLS Report for 'dense_latency_ap_fixed_16_6_5_3_0_ap_fixed_16_6_5_3_0_config11_s'
================================================================
* Date:           Mon Mar 31 15:56:18 2025

* Version:        2023.1 (Build 3854077 on May  4 2023)
* Project:        model_test_prj
* Solution:       solution1 (Vivado IP Flow Target)
* Product family: virtexuplus
* Target device:  xcvu13p-flga2577-2-e


================================================================
== Performance Estimates
================================================================
+ Timing: 
    * Summary: 
    +--------+---------+----------+------------+
    |  Clock |  Target | Estimated| Uncertainty|
    +--------+---------+----------+------------+
    |ap_clk  |  5.00 ns|  4.118 ns|     0.62 ns|
    +--------+---------+----------+------------+

+ Latency: 
    * Summary: 
    +---------+---------+----------+----------+-----+-----+---------+
    |  Latency (cycles) |  Latency (absolute) |  Interval | Pipeline|
    |   min   |   max   |    min   |    max   | min | max |   Type  |
    +---------+---------+----------+----------+-----+-----+---------+
    |        1|        1|  5.000 ns|  5.000 ns|    1|    1|      yes|
    +---------+---------+----------+----------+-----+-----+---------+

    + Detail: 
        * Instance: 
        N/A

        * Loop: 
        N/A



================================================================
== Utilization Estimates
================================================================
* Summary: 
+---------------------+---------+-------+---------+---------+------+
|         Name        | BRAM_18K|  DSP  |    FF   |   LUT   | URAM |
+---------------------+---------+-------+---------+---------+------+
|DSP                  |        -|      -|        -|        -|     -|
|Expression           |        -|      -|        0|      546|     -|
|FIFO                 |        -|      -|        -|        -|     -|
|Instance             |        -|     15|        0|       30|     -|
|Memory               |        -|      -|        -|        -|     -|
|Multiplexer          |        -|      -|        -|       18|     -|
|Register             |        -|      -|      196|        -|     -|
+---------------------+---------+-------+---------+---------+------+
|Total                |        0|     15|      196|      594|     0|
+---------------------+---------+-------+---------+---------+------+
|Available SLR        |     1344|   3072|   864000|   432000|   320|
+---------------------+---------+-------+---------+---------+------+
|Utilization SLR (%)  |        0|     ~0|       ~0|       ~0|     0|
+---------------------+---------+-------+---------+---------+------+
|Available            |     5376|  12288|  3456000|  1728000|  1280|
+---------------------+---------+-------+---------+---------+------+
|Utilization (%)      |        0|     ~0|       ~0|       ~0|     0|
+---------------------+---------+-------+---------+---------+------+

+ Detail: 
    * Instance: 
    +---------------------------+---------------------+---------+----+---+----+-----+
    |          Instance         |        Module       | BRAM_18K| DSP| FF| LUT| URAM|
    +---------------------------+---------------------+---------+----+---+----+-----+
    |mul_15s_10ns_25_1_1_U1239  |mul_15s_10ns_25_1_1  |        0|   1|  0|   2|    0|
    |mul_15s_10ns_25_1_1_U1244  |mul_15s_10ns_25_1_1  |        0|   1|  0|   2|    0|
    |mul_15s_10s_25_1_1_U1246   |mul_15s_10s_25_1_1   |        0|   1|  0|   2|    0|
    |mul_15s_6ns_21_1_1_U1252   |mul_15s_6ns_21_1_1   |        0|   1|  0|   2|    0|
    |mul_15s_7ns_22_1_1_U1240   |mul_15s_7ns_22_1_1   |        0|   1|  0|   2|    0|
    |mul_15s_7ns_22_1_1_U1245   |mul_15s_7ns_22_1_1   |        0|   1|  0|   2|    0|
    |mul_15s_8ns_23_1_1_U1251   |mul_15s_8ns_23_1_1   |        0|   1|  0|   2|    0|
    |mul_15s_8s_23_1_1_U1242    |mul_15s_8s_23_1_1    |        0|   1|  0|   2|    0|
    |mul_15s_8s_23_1_1_U1248    |mul_15s_8s_23_1_1    |        0|   1|  0|   2|    0|
    |mul_15s_8s_23_1_1_U1250    |mul_15s_8s_23_1_1    |        0|   1|  0|   2|    0|
    |mul_15s_9ns_24_1_1_U1241   |mul_15s_9ns_24_1_1   |        0|   1|  0|   2|    0|
    |mul_15s_9ns_24_1_1_U1243   |mul_15s_9ns_24_1_1   |        0|   1|  0|   2|    0|
    |mul_15s_9ns_24_1_1_U1249   |mul_15s_9ns_24_1_1   |        0|   1|  0|   2|    0|
    |mul_15s_9s_24_1_1_U1247    |mul_15s_9s_24_1_1    |        0|   1|  0|   2|    0|
    |mul_15s_9s_24_1_1_U1253    |mul_15s_9s_24_1_1    |        0|   1|  0|   2|    0|
    +---------------------------+---------------------+---------+----+---+----+-----+
    |Total                      |                     |        0|  15|  0|  30|    0|
    +---------------------------+---------------------+---------+----+---+----+-----+

    * DSP: 
    N/A

    * Memory: 
    N/A

    * FIFO: 
    N/A

    * Expression: 
    +---------------------------+----------+----+---+----+------------+------------+
    |       Variable Name       | Operation| DSP| FF| LUT| Bitwidth P0| Bitwidth P1|
    +---------------------------+----------+----+---+----+------------+------------+
    |add_ln58_10_fu_1877_p2     |         +|   0|  0|  22|          15|          15|
    |add_ln58_11_fu_2023_p2     |         +|   0|  0|  23|          16|          16|
    |add_ln58_12_fu_2029_p2     |         +|   0|  0|  16|          16|          16|
    |add_ln58_13_fu_1883_p2     |         +|   0|  0|  22|          15|          15|
    |add_ln58_14_fu_1889_p2     |         +|   0|  0|  20|          13|          13|
    |add_ln58_15_fu_2041_p2     |         +|   0|  0|  21|          14|          14|
    |add_ln58_16_fu_2051_p2     |         +|   0|  0|  23|          16|          16|
    |add_ln58_17_fu_2057_p2     |         +|   0|  0|  16|          16|          16|
    |add_ln58_18_fu_2063_p2     |         +|   0|  0|  16|          16|          16|
    |add_ln58_1_fu_1847_p2      |         +|   0|  0|  16|          16|          16|
    |add_ln58_2_fu_1853_p2      |         +|   0|  0|  16|          16|          16|
    |add_ln58_3_fu_1995_p2      |         +|   0|  0|  16|          16|          16|
    |add_ln58_4_fu_2000_p2      |         +|   0|  0|  16|          16|          16|
    |add_ln58_5_fu_1859_p2      |         +|   0|  0|  16|          16|          16|
    |add_ln58_6_fu_1865_p2      |         +|   0|  0|  16|          16|          16|
    |add_ln58_7_fu_2006_p2      |         +|   0|  0|  16|          16|          16|
    |add_ln58_8_fu_2011_p2      |         +|   0|  0|  16|          16|          16|
    |add_ln58_9_fu_1871_p2      |         +|   0|  0|  22|          15|          15|
    |add_ln58_fu_1989_p2        |         +|   0|  0|  16|          16|          16|
    |add_ln73_fu_1931_p2        |         +|   0|  0|  31|          24|          24|
    |sub_ln73_1_fu_1532_p2      |         -|   0|  0|  24|          24|          24|
    |sub_ln73_2_fu_1568_p2      |         -|   0|  0|  23|           1|          23|
    |sub_ln73_3_fu_1574_p2      |         -|   0|  0|  23|          23|          23|
    |sub_ln73_4_fu_1659_p2      |         -|   0|  0|  21|           1|          21|
    |sub_ln73_5_fu_1677_p2      |         -|   0|  0|  21|          21|          21|
    |sub_ln73_6_fu_1721_p2      |         -|   0|  0|  30|          23|          23|
    |sub_ln73_fu_1514_p2        |         -|   0|  0|  24|           1|          24|
    |ap_block_pp0_stage0_01001  |        or|   0|  0|   2|           1|           1|
    |ap_enable_pp0              |       xor|   0|  0|   2|           1|           2|
    +---------------------------+----------+----+---+----+------------+------------+
    |Total                      |          |   0|  0| 546|         416|         482|
    +---------------------------+----------+----+---+----+------------+------------+

    * Multiplexer: 
    +-------------+----+-----------+-----+-----------+
    |     Name    | LUT| Input Size| Bits| Total Bits|
    +-------------+----+-----------+-----+-----------+
    |ap_done      |   9|          2|    1|          2|
    |layer11_out  |   9|          2|   16|         32|
    +-------------+----+-----------+-----+-----------+
    |Total        |  18|          4|   17|         34|
    +-------------+----+-----------+-----+-----------+

    * Register: 
    +-------------------------+----+----+-----+-----------+
    |           Name          | FF | LUT| Bits| Const Bits|
    +-------------------------+----+----+-----+-----------+
    |add_ln58_10_reg_2116     |  15|   0|   15|          0|
    |add_ln58_13_reg_2121     |  15|   0|   15|          0|
    |add_ln58_14_reg_2126     |  13|   0|   13|          0|
    |add_ln58_2_reg_2101      |  16|   0|   16|          0|
    |add_ln58_6_reg_2106      |  16|   0|   16|          0|
    |add_ln58_9_reg_2111      |  15|   0|   15|          0|
    |ap_CS_fsm                |   1|   0|    1|          0|
    |ap_done_reg              |   1|   0|    1|          0|
    |ap_enable_reg_pp0_iter1  |   1|   0|    1|          0|
    |layer11_out_preg         |  16|   0|   16|          0|
    |p_read222_reg_2086       |  15|   0|   15|          0|
    |p_read525_reg_2080       |  15|   0|   15|          0|
    |p_read727_reg_2075       |  15|   0|   15|          0|
    |p_read929_reg_2070       |  15|   0|   15|          0|
    |trunc_ln42_10_reg_2091   |  14|   0|   14|          0|
    |trunc_ln42_17_reg_2096   |  13|   0|   13|          0|
    +-------------------------+----+----+-----+-----------+
    |Total                    | 196|   0|  196|          0|
    +-------------------------+----+----+-----+-----------+



================================================================
== Interface
================================================================
* Summary: 
+--------------------+-----+-----+------------+-----------------------------------------------------------------------------+--------------+
|      RTL Ports     | Dir | Bits|  Protocol  |                                Source Object                                |    C Type    |
+--------------------+-----+-----+------------+-----------------------------------------------------------------------------+--------------+
|ap_clk              |   in|    1|  ap_ctrl_hs|  dense_latency<ap_fixed<16, 6, 5, 3, 0>, ap_fixed<16, 6, 5, 3, 0>, config11>|  return value|
|ap_rst              |   in|    1|  ap_ctrl_hs|  dense_latency<ap_fixed<16, 6, 5, 3, 0>, ap_fixed<16, 6, 5, 3, 0>, config11>|  return value|
|ap_start            |   in|    1|  ap_ctrl_hs|  dense_latency<ap_fixed<16, 6, 5, 3, 0>, ap_fixed<16, 6, 5, 3, 0>, config11>|  return value|
|ap_done             |  out|    1|  ap_ctrl_hs|  dense_latency<ap_fixed<16, 6, 5, 3, 0>, ap_fixed<16, 6, 5, 3, 0>, config11>|  return value|
|ap_continue         |   in|    1|  ap_ctrl_hs|  dense_latency<ap_fixed<16, 6, 5, 3, 0>, ap_fixed<16, 6, 5, 3, 0>, config11>|  return value|
|ap_idle             |  out|    1|  ap_ctrl_hs|  dense_latency<ap_fixed<16, 6, 5, 3, 0>, ap_fixed<16, 6, 5, 3, 0>, config11>|  return value|
|ap_ready            |  out|    1|  ap_ctrl_hs|  dense_latency<ap_fixed<16, 6, 5, 3, 0>, ap_fixed<16, 6, 5, 3, 0>, config11>|  return value|
|p_read              |   in|   15|     ap_none|                                                                       p_read|        scalar|
|p_read1             |   in|   15|     ap_none|                                                                      p_read1|        scalar|
|p_read2             |   in|   15|     ap_none|                                                                      p_read2|        scalar|
|p_read3             |   in|   15|     ap_none|                                                                      p_read3|        scalar|
|p_read4             |   in|   15|     ap_none|                                                                      p_read4|        scalar|
|p_read5             |   in|   15|     ap_none|                                                                      p_read5|        scalar|
|p_read6             |   in|   15|     ap_none|                                                                      p_read6|        scalar|
|p_read7             |   in|   15|     ap_none|                                                                      p_read7|        scalar|
|p_read8             |   in|   15|     ap_none|                                                                      p_read8|        scalar|
|p_read9             |   in|   15|     ap_none|                                                                      p_read9|        scalar|
|p_read10            |   in|   15|     ap_none|                                                                     p_read10|        scalar|
|p_read11            |   in|   15|     ap_none|                                                                     p_read11|        scalar|
|p_read12            |   in|   15|     ap_none|                                                                     p_read12|        scalar|
|p_read13            |   in|   15|     ap_none|                                                                     p_read13|        scalar|
|p_read14            |   in|   15|     ap_none|                                                                     p_read14|        scalar|
|p_read15            |   in|   15|     ap_none|                                                                     p_read15|        scalar|
|p_read16            |   in|   15|     ap_none|                                                                     p_read16|        scalar|
|p_read17            |   in|   15|     ap_none|                                                                     p_read17|        scalar|
|p_read18            |   in|   15|     ap_none|                                                                     p_read18|        scalar|
|p_read19            |   in|   15|     ap_none|                                                                     p_read19|        scalar|
|layer11_out         |  out|   16|      ap_vld|                                                                  layer11_out|       pointer|
|layer11_out_ap_vld  |  out|    1|      ap_vld|                                                                  layer11_out|       pointer|
+--------------------+-----+-----+------------+-----------------------------------------------------------------------------+--------------+

