

================================================================
== Vitis HLS Report for 'compute'
================================================================
* Date:           Wed Jan 29 04:09:10 2025

* Version:        2023.1 (Build 3854077 on May  4 2023)
* Project:        model_test_prj
* Solution:       solution1 (Vivado IP Flow Target)
* Product family: virtexuplus
* Target device:  xcvu13p-flga2577-2-e


================================================================
== Performance Estimates
================================================================
+ Timing: 
    * Summary: 
    +--------+---------+----------+------------+
    |  Clock |  Target | Estimated| Uncertainty|
    +--------+---------+----------+------------+
    |ap_clk  |  5.00 ns|  3.975 ns|     0.62 ns|
    +--------+---------+----------+------------+

+ Latency: 
    * Summary: 
    +---------+---------+-----------+-----------+-----+-----+---------+
    |  Latency (cycles) |   Latency (absolute)  |  Interval | Pipeline|
    |   min   |   max   |    min    |    max    | min | max |   Type  |
    +---------+---------+-----------+-----------+-----+-----+---------+
    |        7|        7|  35.000 ns|  35.000 ns|    7|    7|       no|
    +---------+---------+-----------+-----------+-----+-----+---------+

    + Detail: 
        * Instance: 
        N/A

        * Loop: 
        N/A



================================================================
== Utilization Estimates
================================================================
* Summary: 
+---------------------+---------+-------+---------+---------+------+
|         Name        | BRAM_18K|  DSP  |    FF   |   LUT   | URAM |
+---------------------+---------+-------+---------+---------+------+
|DSP                  |        -|     12|        -|        -|     -|
|Expression           |        -|      -|        0|     6607|     -|
|FIFO                 |        -|      -|        -|        -|     -|
|Instance             |        -|     16|        0|       80|     -|
|Memory               |        -|      -|        -|        -|     -|
|Multiplexer          |        -|      -|        -|      313|     -|
|Register             |        -|      -|      302|        -|     -|
+---------------------+---------+-------+---------+---------+------+
|Total                |        0|     28|      302|     7000|     0|
+---------------------+---------+-------+---------+---------+------+
|Available SLR        |     1344|   3072|   864000|   432000|   320|
+---------------------+---------+-------+---------+---------+------+
|Utilization SLR (%)  |        0|     ~0|       ~0|        1|     0|
+---------------------+---------+-------+---------+---------+------+
|Available            |     5376|  12288|  3456000|  1728000|  1280|
+---------------------+---------+-------+---------+---------+------+
|Utilization (%)      |        0|     ~0|       ~0|       ~0|     0|
+---------------------+---------+-------+---------+---------+------+

+ Detail: 
    * Instance: 
    +------------------------+--------------------+---------+----+---+----+-----+
    |        Instance        |       Module       | BRAM_18K| DSP| FF| LUT| URAM|
    +------------------------+--------------------+---------+----+---+----+-----+
    |mul_12s_5s_17_1_1_U10   |mul_12s_5s_17_1_1   |        0|   1|  0|   5|    0|
    |mul_12s_5s_17_1_1_U13   |mul_12s_5s_17_1_1   |        0|   1|  0|   5|    0|
    |mul_12s_5s_17_1_1_U16   |mul_12s_5s_17_1_1   |        0|   1|  0|   5|    0|
    |mul_12s_5s_17_1_1_U19   |mul_12s_5s_17_1_1   |        0|   1|  0|   5|    0|
    |mul_12s_5s_17_1_1_U22   |mul_12s_5s_17_1_1   |        0|   1|  0|   5|    0|
    |mul_12s_6ns_17_1_1_U9   |mul_12s_6ns_17_1_1  |        0|   1|  0|   5|    0|
    |mul_12s_6ns_17_1_1_U12  |mul_12s_6ns_17_1_1  |        0|   1|  0|   5|    0|
    |mul_12s_6ns_17_1_1_U15  |mul_12s_6ns_17_1_1  |        0|   1|  0|   5|    0|
    |mul_12s_6ns_17_1_1_U18  |mul_12s_6ns_17_1_1  |        0|   1|  0|   5|    0|
    |mul_12s_6ns_17_1_1_U21  |mul_12s_6ns_17_1_1  |        0|   1|  0|   5|    0|
    |mul_12s_7ns_18_1_1_U8   |mul_12s_7ns_18_1_1  |        0|   1|  0|   5|    0|
    |mul_12s_7ns_18_1_1_U11  |mul_12s_7ns_18_1_1  |        0|   1|  0|   5|    0|
    |mul_12s_7ns_18_1_1_U14  |mul_12s_7ns_18_1_1  |        0|   1|  0|   5|    0|
    |mul_12s_7ns_18_1_1_U17  |mul_12s_7ns_18_1_1  |        0|   1|  0|   5|    0|
    |mul_12s_7ns_18_1_1_U20  |mul_12s_7ns_18_1_1  |        0|   1|  0|   5|    0|
    |mul_12s_8ns_19_1_1_U7   |mul_12s_8ns_19_1_1  |        0|   1|  0|   5|    0|
    +------------------------+--------------------+---------+----+---+----+-----+
    |Total                   |                    |        0|  16|  0|  80|    0|
    +------------------------+--------------------+---------+----+---+----+-----+

    * DSP: 
    +-----------------------------------+-------------------------------+--------------+
    |              Instance             |             Module            |  Expression  |
    +-----------------------------------+-------------------------------+--------------+
    |mac_muladd_12s_5ns_19s_19_1_1_U24  |mac_muladd_12s_5ns_19s_19_1_1  |  i0 + i1 * i2|
    |mac_muladd_12s_5ns_20s_20_1_1_U27  |mac_muladd_12s_5ns_20s_20_1_1  |  i0 + i1 * i2|
    |mac_muladd_12s_5ns_20s_20_1_1_U30  |mac_muladd_12s_5ns_20s_20_1_1  |  i0 + i1 * i2|
    |mac_muladd_12s_5ns_20s_20_1_1_U33  |mac_muladd_12s_5ns_20s_20_1_1  |  i0 + i1 * i2|
    |mac_muladd_12s_5s_19s_19_1_1_U23   |mac_muladd_12s_5s_19s_19_1_1   |  i0 + i1 * i2|
    |mac_muladd_12s_5s_20s_20_1_1_U26   |mac_muladd_12s_5s_20s_20_1_1   |  i0 + i1 * i2|
    |mac_muladd_12s_5s_20s_20_1_1_U29   |mac_muladd_12s_5s_20s_20_1_1   |  i0 + i1 * i2|
    |mac_muladd_12s_5s_20s_20_1_1_U32   |mac_muladd_12s_5s_20s_20_1_1   |  i0 + i1 * i2|
    |mac_muladd_12s_6ns_19s_20_1_1_U25  |mac_muladd_12s_6ns_19s_20_1_1  |  i0 + i1 * i2|
    |mac_muladd_12s_6ns_20s_20_1_1_U28  |mac_muladd_12s_6ns_20s_20_1_1  |  i0 + i1 * i2|
    |mac_muladd_12s_6ns_20s_20_1_1_U31  |mac_muladd_12s_6ns_20s_20_1_1  |  i0 + i1 * i2|
    |mac_muladd_12s_6ns_20s_20_1_1_U34  |mac_muladd_12s_6ns_20s_20_1_1  |  i0 + i1 * i2|
    +-----------------------------------+-------------------------------+--------------+

    * Memory: 
    N/A

    * FIFO: 
    N/A

    * Expression: 
    +-----------------------------+----------+----+---+----+------------+------------+
    |        Variable Name        | Operation| DSP| FF| LUT| Bitwidth P0| Bitwidth P1|
    +-----------------------------+----------+----+---+----+------------+------------+
    |add_ln75_1_fu_1169_p2        |         +|   0|  0|  27|          20|          20|
    |add_ln75_2_fu_1418_p2        |         +|   0|  0|  27|          20|          20|
    |add_ln75_3_fu_1664_p2        |         +|   0|  0|  27|          20|          20|
    |add_ln75_fu_905_p2           |         +|   0|  0|  26|          19|          19|
    |add_ln81_1_fu_1136_p2        |         +|   0|  0|  27|          20|          20|
    |add_ln81_2_fu_1391_p2        |         +|   0|  0|  27|          20|          20|
    |add_ln81_3_fu_1637_p2        |         +|   0|  0|  27|          20|          20|
    |add_ln81_fu_865_p2           |         +|   0|  0|  26|          19|          19|
    |add_ln84_1_fu_1106_p2        |         +|   0|  0|  27|          20|          20|
    |add_ln84_2_fu_1364_p2        |         +|   0|  0|  27|          20|          20|
    |add_ln84_3_fu_1610_p2        |         +|   0|  0|  27|          20|          20|
    |add_ln84_fu_831_p2           |         +|   0|  0|  26|          19|          19|
    |add_ln87_1_fu_1076_p2        |         +|   0|  0|  27|          20|          20|
    |add_ln87_2_fu_1337_p2        |         +|   0|  0|  27|          20|          20|
    |add_ln87_3_fu_1583_p2        |         +|   0|  0|  27|          20|          20|
    |add_ln87_fu_797_p2           |         +|   0|  0|  26|          19|          19|
    |add_ln89_1_fu_3670_p2        |         +|   0|  0|  28|          21|          21|
    |add_ln89_2_fu_3707_p2        |         +|   0|  0|  28|          21|          21|
    |add_ln89_3_fu_3911_p2        |         +|   0|  0|  28|          21|          21|
    |add_ln89_4_fu_4115_p2        |         +|   0|  0|  28|          21|          21|
    |add_ln89_fu_3187_p2          |         +|   0|  0|  28|          21|          21|
    |add_ln93_1_fu_1043_p2        |         +|   0|  0|  27|          20|          20|
    |add_ln93_2_fu_1310_p2        |         +|   0|  0|  27|          20|          20|
    |add_ln93_3_fu_1556_p2        |         +|   0|  0|  27|          20|          20|
    |add_ln93_fu_757_p2           |         +|   0|  0|  26|          19|          19|
    |offset_h_1_fu_928_p2         |         -|   0|  0|  39|          32|          32|
    |offset_h_2_fu_1195_p2        |         -|   0|  0|  39|          32|          32|
    |offset_h_3_fu_1441_p2        |         -|   0|  0|  39|          32|          32|
    |offset_h_4_fu_1680_p2        |         -|   0|  0|  39|          32|          32|
    |offset_h_5_fu_1976_p2        |         -|   0|  0|  39|          32|          32|
    |offset_h_6_fu_2262_p2        |         -|   0|  0|  39|          32|          32|
    |offset_h_7_fu_2547_p2        |         -|   0|  0|  39|          32|          32|
    |offset_h_8_fu_2700_p2        |         -|   0|  0|  39|          32|          32|
    |offset_h_fu_642_p2           |         -|   0|  0|  39|          32|          32|
    |offset_w_1_fu_932_p2         |         -|   0|  0|  39|          32|          32|
    |offset_w_2_fu_1199_p2        |         -|   0|  0|  39|          32|          32|
    |offset_w_3_fu_1445_p2        |         -|   0|  0|  39|          32|          32|
    |offset_w_4_fu_1684_p2        |         -|   0|  0|  39|          32|          32|
    |offset_w_5_fu_1980_p2        |         -|   0|  0|  39|          32|          32|
    |offset_w_6_fu_2266_p2        |         -|   0|  0|  39|          32|          32|
    |offset_w_7_fu_2551_p2        |         -|   0|  0|  39|          32|          32|
    |offset_w_8_fu_2704_p2        |         -|   0|  0|  39|          32|          32|
    |offset_w_fu_646_p2           |         -|   0|  0|  39|          32|          32|
    |sub_ln75_1_fu_1159_p2        |         -|   0|  0|  22|          15|          15|
    |sub_ln75_2_fu_1408_p2        |         -|   0|  0|  22|          15|          15|
    |sub_ln75_3_fu_1654_p2        |         -|   0|  0|  22|          15|          15|
    |sub_ln75_4_fu_3040_p2        |         -|   0|  0|  22|          15|          15|
    |sub_ln75_5_fu_3244_p2        |         -|   0|  0|  22|          15|          15|
    |sub_ln75_6_fu_3406_p2        |         -|   0|  0|  22|          15|          15|
    |sub_ln75_7_fu_3764_p2        |         -|   0|  0|  22|          15|          15|
    |sub_ln75_8_fu_3968_p2        |         -|   0|  0|  22|          15|          15|
    |sub_ln75_fu_895_p2           |         -|   0|  0|  22|          15|          15|
    |sub_ln81_1_fu_1126_p2        |         -|   0|  0|  25|          18|          18|
    |sub_ln81_2_fu_1381_p2        |         -|   0|  0|  25|          18|          18|
    |sub_ln81_3_fu_1627_p2        |         -|   0|  0|  25|          18|          18|
    |sub_ln81_4_fu_3071_p2        |         -|   0|  0|  25|          18|          18|
    |sub_ln81_5_fu_3275_p2        |         -|   0|  0|  25|          18|          18|
    |sub_ln81_6_fu_3437_p2        |         -|   0|  0|  25|          18|          18|
    |sub_ln81_7_fu_3795_p2        |         -|   0|  0|  25|          18|          18|
    |sub_ln81_8_fu_3999_p2        |         -|   0|  0|  25|          18|          18|
    |sub_ln81_fu_855_p2           |         -|   0|  0|  25|          18|          18|
    |sub_ln84_1_fu_1096_p2        |         -|   0|  0|  22|          15|          15|
    |sub_ln84_2_fu_1354_p2        |         -|   0|  0|  22|          15|          15|
    |sub_ln84_3_fu_1600_p2        |         -|   0|  0|  22|          15|          15|
    |sub_ln84_fu_821_p2           |         -|   0|  0|  22|          15|          15|
    |sub_ln87_1_fu_1066_p2        |         -|   0|  0|  24|          17|          17|
    |sub_ln87_2_fu_1327_p2        |         -|   0|  0|  24|          17|          17|
    |sub_ln87_3_fu_1573_p2        |         -|   0|  0|  24|          17|          17|
    |sub_ln87_4_fu_3088_p2        |         -|   0|  0|  24|          17|          17|
    |sub_ln87_5_fu_3292_p2        |         -|   0|  0|  24|          17|          17|
    |sub_ln87_6_fu_3454_p2        |         -|   0|  0|  24|          17|          17|
    |sub_ln87_7_fu_3812_p2        |         -|   0|  0|  24|          17|          17|
    |sub_ln87_8_fu_4016_p2        |         -|   0|  0|  24|          17|          17|
    |sub_ln87_fu_787_p2           |         -|   0|  0|  24|          17|          17|
    |sub_ln93_1_fu_1033_p2        |         -|   0|  0|  21|           1|          14|
    |sub_ln93_2_fu_1300_p2        |         -|   0|  0|  21|           1|          14|
    |sub_ln93_3_fu_1546_p2        |         -|   0|  0|  21|           1|          14|
    |sub_ln93_4_fu_3111_p2        |         -|   0|  0|  21|           1|          14|
    |sub_ln93_5_fu_3315_p2        |         -|   0|  0|  21|           1|          14|
    |sub_ln93_6_fu_3477_p2        |         -|   0|  0|  21|           1|          14|
    |sub_ln93_7_fu_3835_p2        |         -|   0|  0|  21|           1|          14|
    |sub_ln93_8_fu_4039_p2        |         -|   0|  0|  21|           1|          14|
    |sub_ln93_fu_747_p2           |         -|   0|  0|  21|           1|          14|
    |and_ln59_1_fu_1960_p2        |       and|   0|  0|   2|           1|           1|
    |and_ln59_2_fu_2250_p2        |       and|   0|  0|   2|           1|           1|
    |and_ln59_3_fu_2256_p2        |       and|   0|  0|   2|           1|           1|
    |and_ln59_4_fu_2530_p2        |       and|   0|  0|   2|           1|           1|
    |and_ln59_5_fu_2536_p2        |       and|   0|  0|   2|           1|           1|
    |and_ln59_6_fu_2683_p2        |       and|   0|  0|   2|           1|           1|
    |and_ln59_7_fu_2689_p2        |       and|   0|  0|   2|           1|           1|
    |and_ln59_8_fu_2968_p2        |       and|   0|  0|   2|           1|           1|
    |and_ln59_9_fu_2974_p2        |       and|   0|  0|   2|           1|           1|
    |and_ln59_fu_1954_p2          |       and|   0|  0|   2|           1|           1|
    |and_ln71_10_fu_2565_p2       |       and|   0|  0|   2|           1|           1|
    |and_ln71_11_fu_3845_p2       |       and|   0|  0|   2|           1|           1|
    |and_ln71_12_fu_2718_p2       |       and|   0|  0|   2|           1|           1|
    |and_ln71_13_fu_4049_p2       |       and|   0|  0|   2|           1|           1|
    |and_ln71_1_fu_946_p2         |       and|   0|  0|   2|           1|           1|
    |and_ln71_2_fu_1213_p2        |       and|   0|  0|   2|           1|           1|
    |and_ln71_3_fu_1459_p2        |       and|   0|  0|   2|           1|           1|
    |and_ln71_4_fu_1698_p2        |       and|   0|  0|   2|           1|           1|
    |and_ln71_5_fu_3121_p2        |       and|   0|  0|   2|           1|           1|
    |and_ln71_6_fu_1994_p2        |       and|   0|  0|   2|           1|           1|
    |and_ln71_7_fu_3325_p2        |       and|   0|  0|   2|           1|           1|
    |and_ln71_8_fu_2280_p2        |       and|   0|  0|   2|           1|           1|
    |and_ln71_9_fu_3487_p2        |       and|   0|  0|   2|           1|           1|
    |and_ln71_fu_660_p2           |       and|   0|  0|   2|           1|           1|
    |and_ln74_10_fu_2577_p2       |       and|   0|  0|   2|           1|           1|
    |and_ln74_11_fu_3552_p2       |       and|   0|  0|   2|           1|           1|
    |and_ln74_12_fu_2730_p2       |       and|   0|  0|   2|           1|           1|
    |and_ln74_13_fu_2806_p2       |       and|   0|  0|   2|           1|           1|
    |and_ln74_1_fu_958_p2         |       and|   0|  0|   2|           1|           1|
    |and_ln74_2_fu_1225_p2        |       and|   0|  0|   2|           1|           1|
    |and_ln74_3_fu_1471_p2        |       and|   0|  0|   2|           1|           1|
    |and_ln74_4_fu_1710_p2        |       and|   0|  0|   2|           1|           1|
    |and_ln74_5_fu_1792_p2        |       and|   0|  0|   2|           1|           1|
    |and_ln74_6_fu_2006_p2        |       and|   0|  0|   2|           1|           1|
    |and_ln74_7_fu_2082_p2        |       and|   0|  0|   2|           1|           1|
    |and_ln74_8_fu_2292_p2        |       and|   0|  0|   2|           1|           1|
    |and_ln74_9_fu_2368_p2        |       and|   0|  0|   2|           1|           1|
    |and_ln74_fu_672_p2           |       and|   0|  0|   2|           1|           1|
    |and_ln77_10_fu_2593_p2       |       and|   0|  0|   2|           1|           1|
    |and_ln77_11_fu_3568_p2       |       and|   0|  0|   2|           1|           1|
    |and_ln77_12_fu_2746_p2       |       and|   0|  0|   2|           1|           1|
    |and_ln77_13_fu_2824_p2       |       and|   0|  0|   2|           1|           1|
    |and_ln77_1_fu_974_p2         |       and|   0|  0|   2|           1|           1|
    |and_ln77_2_fu_1241_p2        |       and|   0|  0|   2|           1|           1|
    |and_ln77_3_fu_1487_p2        |       and|   0|  0|   2|           1|           1|
    |and_ln77_4_fu_1726_p2        |       and|   0|  0|   2|           1|           1|
    |and_ln77_5_fu_1810_p2        |       and|   0|  0|   2|           1|           1|
    |and_ln77_6_fu_2022_p2        |       and|   0|  0|   2|           1|           1|
    |and_ln77_7_fu_2100_p2        |       and|   0|  0|   2|           1|           1|
    |and_ln77_8_fu_2308_p2        |       and|   0|  0|   2|           1|           1|
    |and_ln77_9_fu_2386_p2        |       and|   0|  0|   2|           1|           1|
    |and_ln77_fu_688_p2           |       and|   0|  0|   2|           1|           1|
    |and_ln80_10_fu_2599_p2       |       and|   0|  0|   2|           1|           1|
    |and_ln80_11_fu_3584_p2       |       and|   0|  0|   2|           1|           1|
    |and_ln80_12_fu_2752_p2       |       and|   0|  0|   2|           1|           1|
    |and_ln80_13_fu_2842_p2       |       and|   0|  0|   2|           1|           1|
    |and_ln80_1_fu_980_p2         |       and|   0|  0|   2|           1|           1|
    |and_ln80_2_fu_1247_p2        |       and|   0|  0|   2|           1|           1|
    |and_ln80_3_fu_1493_p2        |       and|   0|  0|   2|           1|           1|
    |and_ln80_4_fu_1732_p2        |       and|   0|  0|   2|           1|           1|
    |and_ln80_5_fu_1828_p2        |       and|   0|  0|   2|           1|           1|
    |and_ln80_6_fu_2028_p2        |       and|   0|  0|   2|           1|           1|
    |and_ln80_7_fu_2118_p2        |       and|   0|  0|   2|           1|           1|
    |and_ln80_8_fu_2314_p2        |       and|   0|  0|   2|           1|           1|
    |and_ln80_9_fu_2404_p2        |       and|   0|  0|   2|           1|           1|
    |and_ln80_fu_694_p2           |       and|   0|  0|   2|           1|           1|
    |and_ln83_10_fu_2605_p2       |       and|   0|  0|   2|           1|           1|
    |and_ln83_11_fu_3600_p2       |       and|   0|  0|   2|           1|           1|
    |and_ln83_12_fu_2758_p2       |       and|   0|  0|   2|           1|           1|
    |and_ln83_13_fu_2860_p2       |       and|   0|  0|   2|           1|           1|
    |and_ln83_1_fu_986_p2         |       and|   0|  0|   2|           1|           1|
    |and_ln83_2_fu_1253_p2        |       and|   0|  0|   2|           1|           1|
    |and_ln83_3_fu_1499_p2        |       and|   0|  0|   2|           1|           1|
    |and_ln83_4_fu_1738_p2        |       and|   0|  0|   2|           1|           1|
    |and_ln83_5_fu_1846_p2        |       and|   0|  0|   2|           1|           1|
    |and_ln83_6_fu_2034_p2        |       and|   0|  0|   2|           1|           1|
    |and_ln83_7_fu_2136_p2        |       and|   0|  0|   2|           1|           1|
    |and_ln83_8_fu_2320_p2        |       and|   0|  0|   2|           1|           1|
    |and_ln83_9_fu_2422_p2        |       and|   0|  0|   2|           1|           1|
    |and_ln83_fu_700_p2           |       and|   0|  0|   2|           1|           1|
    |and_ln86_10_fu_2617_p2       |       and|   0|  0|   2|           1|           1|
    |and_ln86_11_fu_3616_p2       |       and|   0|  0|   2|           1|           1|
    |and_ln86_12_fu_2770_p2       |       and|   0|  0|   2|           1|           1|
    |and_ln86_13_fu_2878_p2       |       and|   0|  0|   2|           1|           1|
    |and_ln86_1_fu_998_p2         |       and|   0|  0|   2|           1|           1|
    |and_ln86_2_fu_1265_p2        |       and|   0|  0|   2|           1|           1|
    |and_ln86_3_fu_1511_p2        |       and|   0|  0|   2|           1|           1|
    |and_ln86_4_fu_1750_p2        |       and|   0|  0|   2|           1|           1|
    |and_ln86_5_fu_1864_p2        |       and|   0|  0|   2|           1|           1|
    |and_ln86_6_fu_2046_p2        |       and|   0|  0|   2|           1|           1|
    |and_ln86_7_fu_2154_p2        |       and|   0|  0|   2|           1|           1|
    |and_ln86_8_fu_2332_p2        |       and|   0|  0|   2|           1|           1|
    |and_ln86_9_fu_2440_p2        |       and|   0|  0|   2|           1|           1|
    |and_ln86_fu_712_p2           |       and|   0|  0|   2|           1|           1|
    |and_ln89_10_fu_2623_p2       |       and|   0|  0|   2|           1|           1|
    |and_ln89_11_fu_3632_p2       |       and|   0|  0|   2|           1|           1|
    |and_ln89_12_fu_2776_p2       |       and|   0|  0|   2|           1|           1|
    |and_ln89_13_fu_2896_p2       |       and|   0|  0|   2|           1|           1|
    |and_ln89_1_fu_1004_p2        |       and|   0|  0|   2|           1|           1|
    |and_ln89_2_fu_1271_p2        |       and|   0|  0|   2|           1|           1|
    |and_ln89_3_fu_1517_p2        |       and|   0|  0|   2|           1|           1|
    |and_ln89_4_fu_1756_p2        |       and|   0|  0|   2|           1|           1|
    |and_ln89_5_fu_1882_p2        |       and|   0|  0|   2|           1|           1|
    |and_ln89_6_fu_2052_p2        |       and|   0|  0|   2|           1|           1|
    |and_ln89_7_fu_2172_p2        |       and|   0|  0|   2|           1|           1|
    |and_ln89_8_fu_2338_p2        |       and|   0|  0|   2|           1|           1|
    |and_ln89_9_fu_2458_p2        |       and|   0|  0|   2|           1|           1|
    |and_ln89_fu_718_p2           |       and|   0|  0|   2|           1|           1|
    |and_ln92_1_fu_1010_p2        |       and|   0|  0|  32|          32|          32|
    |and_ln92_2_fu_1277_p2        |       and|   0|  0|  32|          32|          32|
    |and_ln92_3_fu_1523_p2        |       and|   0|  0|  32|          32|          32|
    |and_ln92_4_fu_1762_p2        |       and|   0|  0|  32|          32|          32|
    |and_ln92_5_fu_2058_p2        |       and|   0|  0|  32|          32|          32|
    |and_ln92_6_fu_2344_p2        |       and|   0|  0|  32|          32|          32|
    |and_ln92_7_fu_2629_p2        |       and|   0|  0|  32|          32|          32|
    |and_ln92_8_fu_2782_p2        |       and|   0|  0|  32|          32|          32|
    |and_ln92_fu_724_p2           |       and|   0|  0|  32|          32|          32|
    |ap_condition_67              |       and|   0|  0|   2|           1|           1|
    |grp_fu_583_p2                |      icmp|   0|  0|  19|          12|           1|
    |icmp_ln59_1_fu_1670_p2       |      icmp|   0|  0|  19|          12|           1|
    |icmp_ln59_2_fu_1966_p2       |      icmp|   0|  0|  19|          12|           1|
    |icmp_ln59_3_fu_1971_p2       |      icmp|   0|  0|  19|          12|           1|
    |icmp_ln59_4_fu_2542_p2       |      icmp|   0|  0|  19|          12|           1|
    |icmp_ln59_5_fu_2695_p2       |      icmp|   0|  0|  19|          12|           1|
    |icmp_ln59_fu_588_p2          |      icmp|   0|  0|  19|          12|           1|
    |icmp_ln67_1_fu_918_p2        |      icmp|   0|  0|  19|          12|           1|
    |icmp_ln67_2_fu_1178_p2       |      icmp|   0|  0|  19|          12|           1|
    |icmp_ln67_4_fu_1424_p2       |      icmp|   0|  0|  19|          12|           1|
    |icmp_ln67_6_fu_1675_p2       |      icmp|   0|  0|  19|          12|           1|
    |icmp_ln67_fu_626_p2          |      icmp|   0|  0|  19|          12|           1|
    |icmp_ln71_10_fu_1984_p2      |      icmp|   0|  0|  39|          32|          32|
    |icmp_ln71_11_fu_1988_p2      |      icmp|   0|  0|  39|          32|           1|
    |icmp_ln71_12_fu_2270_p2      |      icmp|   0|  0|  39|          32|          32|
    |icmp_ln71_13_fu_2274_p2      |      icmp|   0|  0|  39|          32|           1|
    |icmp_ln71_14_fu_2555_p2      |      icmp|   0|  0|  39|          32|          32|
    |icmp_ln71_15_fu_2559_p2      |      icmp|   0|  0|  39|          32|           1|
    |icmp_ln71_16_fu_2708_p2      |      icmp|   0|  0|  39|          32|          32|
    |icmp_ln71_17_fu_2712_p2      |      icmp|   0|  0|  39|          32|           1|
    |icmp_ln71_1_fu_654_p2        |      icmp|   0|  0|  39|          32|           1|
    |icmp_ln71_2_fu_936_p2        |      icmp|   0|  0|  39|          32|          32|
    |icmp_ln71_3_fu_940_p2        |      icmp|   0|  0|  39|          32|           1|
    |icmp_ln71_4_fu_1203_p2       |      icmp|   0|  0|  39|          32|          32|
    |icmp_ln71_5_fu_1207_p2       |      icmp|   0|  0|  39|          32|           1|
    |icmp_ln71_6_fu_1449_p2       |      icmp|   0|  0|  39|          32|          32|
    |icmp_ln71_7_fu_1453_p2       |      icmp|   0|  0|  39|          32|           1|
    |icmp_ln71_8_fu_1688_p2       |      icmp|   0|  0|  39|          32|          32|
    |icmp_ln71_9_fu_1692_p2       |      icmp|   0|  0|  39|          32|           1|
    |icmp_ln71_fu_650_p2          |      icmp|   0|  0|  39|          32|          32|
    |icmp_ln74_1_fu_952_p2        |      icmp|   0|  0|  39|          32|           2|
    |icmp_ln74_2_fu_1219_p2       |      icmp|   0|  0|  39|          32|           2|
    |icmp_ln74_3_fu_1465_p2       |      icmp|   0|  0|  39|          32|           2|
    |icmp_ln74_4_fu_1704_p2       |      icmp|   0|  0|  39|          32|           2|
    |icmp_ln74_5_fu_2000_p2       |      icmp|   0|  0|  39|          32|           2|
    |icmp_ln74_6_fu_2286_p2       |      icmp|   0|  0|  39|          32|           2|
    |icmp_ln74_7_fu_2571_p2       |      icmp|   0|  0|  39|          32|           2|
    |icmp_ln74_8_fu_2724_p2       |      icmp|   0|  0|  39|          32|           2|
    |icmp_ln74_fu_666_p2          |      icmp|   0|  0|  39|          32|           2|
    |icmp_ln77_10_fu_2012_p2      |      icmp|   0|  0|  39|          32|           1|
    |icmp_ln77_11_fu_2018_p2      |      icmp|   0|  0|  39|          32|          32|
    |icmp_ln77_12_fu_2298_p2      |      icmp|   0|  0|  39|          32|           1|
    |icmp_ln77_13_fu_2304_p2      |      icmp|   0|  0|  39|          32|          32|
    |icmp_ln77_14_fu_2583_p2      |      icmp|   0|  0|  39|          32|           1|
    |icmp_ln77_15_fu_2589_p2      |      icmp|   0|  0|  39|          32|          32|
    |icmp_ln77_16_fu_2736_p2      |      icmp|   0|  0|  39|          32|           1|
    |icmp_ln77_17_fu_2742_p2      |      icmp|   0|  0|  39|          32|          32|
    |icmp_ln77_1_fu_684_p2        |      icmp|   0|  0|  39|          32|          32|
    |icmp_ln77_2_fu_964_p2        |      icmp|   0|  0|  39|          32|           1|
    |icmp_ln77_3_fu_970_p2        |      icmp|   0|  0|  39|          32|          32|
    |icmp_ln77_4_fu_1231_p2       |      icmp|   0|  0|  39|          32|           1|
    |icmp_ln77_5_fu_1237_p2       |      icmp|   0|  0|  39|          32|          32|
    |icmp_ln77_6_fu_1477_p2       |      icmp|   0|  0|  39|          32|           1|
    |icmp_ln77_7_fu_1483_p2       |      icmp|   0|  0|  39|          32|          32|
    |icmp_ln77_8_fu_1716_p2       |      icmp|   0|  0|  39|          32|           1|
    |icmp_ln77_9_fu_1722_p2       |      icmp|   0|  0|  39|          32|          32|
    |icmp_ln77_fu_678_p2          |      icmp|   0|  0|  39|          32|           1|
    |icmp_ln86_1_fu_992_p2        |      icmp|   0|  0|  39|          32|           2|
    |icmp_ln86_2_fu_1259_p2       |      icmp|   0|  0|  39|          32|           2|
    |icmp_ln86_3_fu_1505_p2       |      icmp|   0|  0|  39|          32|           2|
    |icmp_ln86_4_fu_1744_p2       |      icmp|   0|  0|  39|          32|           2|
    |icmp_ln86_5_fu_2040_p2       |      icmp|   0|  0|  39|          32|           2|
    |icmp_ln86_6_fu_2326_p2       |      icmp|   0|  0|  39|          32|           2|
    |icmp_ln86_7_fu_2611_p2       |      icmp|   0|  0|  39|          32|           2|
    |icmp_ln86_8_fu_2764_p2       |      icmp|   0|  0|  39|          32|           2|
    |icmp_ln86_fu_706_p2          |      icmp|   0|  0|  39|          32|           2|
    |icmp_ln92_1_fu_1016_p2       |      icmp|   0|  0|  39|          32|           2|
    |icmp_ln92_2_fu_1283_p2       |      icmp|   0|  0|  39|          32|           2|
    |icmp_ln92_3_fu_1529_p2       |      icmp|   0|  0|  39|          32|           2|
    |icmp_ln92_4_fu_1768_p2       |      icmp|   0|  0|  39|          32|           2|
    |icmp_ln92_5_fu_2064_p2       |      icmp|   0|  0|  39|          32|           2|
    |icmp_ln92_6_fu_2350_p2       |      icmp|   0|  0|  39|          32|           2|
    |icmp_ln92_7_fu_2635_p2       |      icmp|   0|  0|  39|          32|           2|
    |icmp_ln92_8_fu_2788_p2       |      icmp|   0|  0|  39|          32|           2|
    |icmp_ln92_fu_730_p2          |      icmp|   0|  0|  39|          32|           2|
    |ap_block_state1              |        or|   0|  0|   2|           1|           1|
    |or_ln59_1_fu_2986_p2         |        or|   0|  0|   2|           1|           1|
    |or_ln59_2_fu_2992_p2         |        or|   0|  0|   2|           1|           1|
    |or_ln59_3_fu_2998_p2         |        or|   0|  0|   2|           1|           1|
    |or_ln59_4_fu_3004_p2         |        or|   0|  0|   2|           1|           1|
    |or_ln59_fu_2980_p2           |        or|   0|  0|   2|           1|           1|
    |or_ln67_1_fu_923_p2          |        or|   0|  0|   2|           1|           1|
    |or_ln67_fu_636_p2            |        or|   0|  0|   2|           1|           1|
    |or_ln71_1_fu_2070_p2         |        or|   0|  0|   2|           1|           1|
    |or_ln71_2_fu_2356_p2         |        or|   0|  0|   2|           1|           1|
    |or_ln71_3_fu_3542_p2         |        or|   0|  0|   2|           1|           1|
    |or_ln71_4_fu_2794_p2         |        or|   0|  0|   2|           1|           1|
    |or_ln71_fu_1780_p2           |        or|   0|  0|   2|           1|           1|
    |or_ln74_1_fu_2088_p2         |        or|   0|  0|   2|           1|           1|
    |or_ln74_2_fu_2374_p2         |        or|   0|  0|   2|           1|           1|
    |or_ln74_3_fu_3557_p2         |        or|   0|  0|   2|           1|           1|
    |or_ln74_4_fu_2812_p2         |        or|   0|  0|   2|           1|           1|
    |or_ln74_fu_1798_p2           |        or|   0|  0|   2|           1|           1|
    |or_ln77_1_fu_2106_p2         |        or|   0|  0|   2|           1|           1|
    |or_ln77_2_fu_2392_p2         |        or|   0|  0|   2|           1|           1|
    |or_ln77_3_fu_3573_p2         |        or|   0|  0|   2|           1|           1|
    |or_ln77_4_fu_2830_p2         |        or|   0|  0|   2|           1|           1|
    |or_ln77_fu_1816_p2           |        or|   0|  0|   2|           1|           1|
    |or_ln80_1_fu_2124_p2         |        or|   0|  0|   2|           1|           1|
    |or_ln80_2_fu_2410_p2         |        or|   0|  0|   2|           1|           1|
    |or_ln80_3_fu_3589_p2         |        or|   0|  0|   2|           1|           1|
    |or_ln80_4_fu_2848_p2         |        or|   0|  0|   2|           1|           1|
    |or_ln80_fu_1834_p2           |        or|   0|  0|   2|           1|           1|
    |or_ln83_1_fu_2142_p2         |        or|   0|  0|   2|           1|           1|
    |or_ln83_2_fu_2428_p2         |        or|   0|  0|   2|           1|           1|
    |or_ln83_3_fu_3605_p2         |        or|   0|  0|   2|           1|           1|
    |or_ln83_4_fu_2866_p2         |        or|   0|  0|   2|           1|           1|
    |or_ln83_fu_1852_p2           |        or|   0|  0|   2|           1|           1|
    |or_ln86_1_fu_2160_p2         |        or|   0|  0|   2|           1|           1|
    |or_ln86_2_fu_2446_p2         |        or|   0|  0|   2|           1|           1|
    |or_ln86_3_fu_3621_p2         |        or|   0|  0|   2|           1|           1|
    |or_ln86_4_fu_2884_p2         |        or|   0|  0|   2|           1|           1|
    |or_ln86_fu_1870_p2           |        or|   0|  0|   2|           1|           1|
    |or_ln89_10_fu_2476_p2        |        or|   0|  0|   2|           1|           1|
    |or_ln89_11_fu_2482_p2        |        or|   0|  0|   2|           1|           1|
    |or_ln89_12_fu_3637_p2        |        or|   0|  0|   2|           1|           1|
    |or_ln89_13_fu_3643_p2        |        or|   0|  0|   2|           1|           1|
    |or_ln89_14_fu_3649_p2        |        or|   0|  0|   2|           1|           1|
    |or_ln89_15_fu_3655_p2        |        or|   0|  0|   2|           1|           1|
    |or_ln89_16_fu_2902_p2        |        or|   0|  0|   2|           1|           1|
    |or_ln89_17_fu_2908_p2        |        or|   0|  0|   2|           1|           1|
    |or_ln89_18_fu_2914_p2        |        or|   0|  0|   2|           1|           1|
    |or_ln89_19_fu_2920_p2        |        or|   0|  0|   2|           1|           1|
    |or_ln89_1_fu_1894_p2         |        or|   0|  0|   2|           1|           1|
    |or_ln89_2_fu_1900_p2         |        or|   0|  0|   2|           1|           1|
    |or_ln89_3_fu_1906_p2         |        or|   0|  0|   2|           1|           1|
    |or_ln89_4_fu_2178_p2         |        or|   0|  0|   2|           1|           1|
    |or_ln89_5_fu_2184_p2         |        or|   0|  0|   2|           1|           1|
    |or_ln89_6_fu_2190_p2         |        or|   0|  0|   2|           1|           1|
    |or_ln89_7_fu_2196_p2         |        or|   0|  0|   2|           1|           1|
    |or_ln89_8_fu_2464_p2         |        or|   0|  0|   2|           1|           1|
    |or_ln89_9_fu_2470_p2         |        or|   0|  0|   2|           1|           1|
    |or_ln89_fu_1888_p2           |        or|   0|  0|   2|           1|           1|
    |or_ln92_10_fu_2214_p2        |        or|   0|  0|   2|           1|           1|
    |or_ln92_11_fu_2220_p2        |        or|   0|  0|   2|           1|           1|
    |or_ln92_12_fu_2226_p2        |        or|   0|  0|   2|           1|           1|
    |or_ln92_13_fu_2232_p2        |        or|   0|  0|   2|           1|           1|
    |or_ln92_14_fu_2238_p2        |        or|   0|  0|   2|           1|           1|
    |or_ln92_15_fu_3680_p2        |        or|   0|  0|   2|           1|           1|
    |or_ln92_16_fu_2488_p2        |        or|   0|  0|   2|           1|           1|
    |or_ln92_17_fu_2494_p2        |        or|   0|  0|   2|           1|           1|
    |or_ln92_18_fu_2500_p2        |        or|   0|  0|   2|           1|           1|
    |or_ln92_19_fu_2506_p2        |        or|   0|  0|   2|           1|           1|
    |or_ln92_1_fu_1918_p2         |        or|   0|  0|   2|           1|           1|
    |or_ln92_20_fu_2512_p2        |        or|   0|  0|   2|           1|           1|
    |or_ln92_21_fu_2518_p2        |        or|   0|  0|   2|           1|           1|
    |or_ln92_22_fu_2524_p2        |        or|   0|  0|   2|           1|           1|
    |or_ln92_23_fu_3718_p2        |        or|   0|  0|   2|           1|           1|
    |or_ln92_24_fu_2641_p2        |        or|   0|  0|   2|           1|           1|
    |or_ln92_25_fu_2647_p2        |        or|   0|  0|   2|           1|           1|
    |or_ln92_26_fu_2653_p2        |        or|   0|  0|   2|           1|           1|
    |or_ln92_27_fu_2659_p2        |        or|   0|  0|   2|           1|           1|
    |or_ln92_28_fu_2665_p2        |        or|   0|  0|   2|           1|           1|
    |or_ln92_29_fu_2671_p2        |        or|   0|  0|   2|           1|           1|
    |or_ln92_2_fu_1924_p2         |        or|   0|  0|   2|           1|           1|
    |or_ln92_30_fu_2677_p2        |        or|   0|  0|   2|           1|           1|
    |or_ln92_31_fu_3922_p2        |        or|   0|  0|   2|           1|           1|
    |or_ln92_32_fu_2926_p2        |        or|   0|  0|   2|           1|           1|
    |or_ln92_33_fu_2932_p2        |        or|   0|  0|   2|           1|           1|
    |or_ln92_34_fu_2938_p2        |        or|   0|  0|   2|           1|           1|
    |or_ln92_35_fu_2944_p2        |        or|   0|  0|   2|           1|           1|
    |or_ln92_36_fu_2950_p2        |        or|   0|  0|   2|           1|           1|
    |or_ln92_37_fu_2956_p2        |        or|   0|  0|   2|           1|           1|
    |or_ln92_38_fu_2962_p2        |        or|   0|  0|   2|           1|           1|
    |or_ln92_39_fu_4125_p2        |        or|   0|  0|   2|           1|           1|
    |or_ln92_3_fu_1930_p2         |        or|   0|  0|   2|           1|           1|
    |or_ln92_4_fu_1936_p2         |        or|   0|  0|   2|           1|           1|
    |or_ln92_5_fu_1942_p2         |        or|   0|  0|   2|           1|           1|
    |or_ln92_6_fu_1948_p2         |        or|   0|  0|   2|           1|           1|
    |or_ln92_7_fu_3198_p2         |        or|   0|  0|   2|           1|           1|
    |or_ln92_8_fu_2202_p2         |        or|   0|  0|   2|           1|           1|
    |or_ln92_9_fu_2208_p2         |        or|   0|  0|   2|           1|           1|
    |or_ln92_fu_1912_p2           |        or|   0|  0|   2|           1|           1|
    |feat_out_0_out_0_fu_4143_p3  |    select|   0|  0|  21|           1|          21|
    |select_ln59_1_fu_3692_p3     |    select|   0|  0|  21|           1|          21|
    |select_ln59_2_fu_3731_p3     |    select|   0|  0|  21|           1|          21|
    |select_ln59_3_fu_3935_p3     |    select|   0|  0|  21|           1|          21|
    |select_ln59_4_fu_4137_p3     |    select|   0|  0|  21|           1|          21|
    |select_ln59_fu_3211_p3       |    select|   0|  0|  21|           1|          21|
    |select_ln89_10_fu_3358_p3    |    select|   0|  0|  18|           1|          18|
    |select_ln89_11_fu_3366_p3    |    select|   0|  0|  18|           1|          18|
    |select_ln89_12_fu_3373_p3    |    select|   0|  0|  18|           1|          18|
    |select_ln89_13_fu_3661_p3    |    select|   0|  0|  18|           1|          18|
    |select_ln89_14_fu_3491_p3    |    select|   0|  0|  17|           1|          17|
    |select_ln89_15_fu_3502_p3    |    select|   0|  0|  18|           1|          18|
    |select_ln89_16_fu_3509_p3    |    select|   0|  0|  17|           1|          17|
    |select_ln89_17_fu_3520_p3    |    select|   0|  0|  18|           1|          18|
    |select_ln89_18_fu_3528_p3    |    select|   0|  0|  18|           1|          18|
    |select_ln89_19_fu_3535_p3    |    select|   0|  0|  18|           1|          18|
    |select_ln89_1_fu_3136_p3     |    select|   0|  0|  18|           1|          18|
    |select_ln89_20_fu_3698_p3    |    select|   0|  0|  18|           1|          18|
    |select_ln89_21_fu_3849_p3    |    select|   0|  0|  17|           1|          17|
    |select_ln89_22_fu_3860_p3    |    select|   0|  0|  18|           1|          18|
    |select_ln89_23_fu_3867_p3    |    select|   0|  0|  17|           1|          17|
    |select_ln89_24_fu_3878_p3    |    select|   0|  0|  18|           1|          18|
    |select_ln89_25_fu_3886_p3    |    select|   0|  0|  18|           1|          18|
    |select_ln89_26_fu_3893_p3    |    select|   0|  0|  18|           1|          18|
    |select_ln89_27_fu_3900_p3    |    select|   0|  0|  18|           1|          18|
    |select_ln89_28_fu_4053_p3    |    select|   0|  0|  17|           1|          17|
    |select_ln89_29_fu_4064_p3    |    select|   0|  0|  18|           1|          18|
    |select_ln89_2_fu_3143_p3     |    select|   0|  0|  17|           1|          17|
    |select_ln89_30_fu_4071_p3    |    select|   0|  0|  17|           1|          17|
    |select_ln89_31_fu_4082_p3    |    select|   0|  0|  18|           1|          18|
    |select_ln89_32_fu_4090_p3    |    select|   0|  0|  18|           1|          18|
    |select_ln89_33_fu_4097_p3    |    select|   0|  0|  18|           1|          18|
    |select_ln89_34_fu_4104_p3    |    select|   0|  0|  18|           1|          18|
    |select_ln89_3_fu_3154_p3     |    select|   0|  0|  18|           1|          18|
    |select_ln89_4_fu_3162_p3     |    select|   0|  0|  18|           1|          18|
    |select_ln89_5_fu_3169_p3     |    select|   0|  0|  18|           1|          18|
    |select_ln89_6_fu_3176_p3     |    select|   0|  0|  18|           1|          18|
    |select_ln89_7_fu_3329_p3     |    select|   0|  0|  17|           1|          17|
    |select_ln89_8_fu_3340_p3     |    select|   0|  0|  18|           1|          18|
    |select_ln89_9_fu_3347_p3     |    select|   0|  0|  17|           1|          17|
    |select_ln89_fu_3125_p3       |    select|   0|  0|  17|           1|          17|
    |select_ln92_1_fu_3685_p3     |    select|   0|  0|  21|           1|          21|
    |select_ln92_2_fu_3723_p3     |    select|   0|  0|  21|           1|          21|
    |select_ln92_3_fu_3927_p3     |    select|   0|  0|  21|           1|          21|
    |select_ln92_4_fu_4130_p3     |    select|   0|  0|  21|           1|          21|
    |select_ln92_fu_3203_p3       |    select|   0|  0|  21|           1|          21|
    |xor_ln59_fu_2244_p2          |       xor|   0|  0|   2|           1|           2|
    |xor_ln67_1_fu_1774_p2        |       xor|   0|  0|   2|           1|           2|
    |xor_ln67_fu_631_p2           |       xor|   0|  0|   2|           1|           2|
    |xor_ln71_1_fu_2076_p2        |       xor|   0|  0|   2|           1|           2|
    |xor_ln71_2_fu_2362_p2        |       xor|   0|  0|   2|           1|           2|
    |xor_ln71_3_fu_3546_p2        |       xor|   0|  0|   2|           1|           2|
    |xor_ln71_4_fu_2800_p2        |       xor|   0|  0|   2|           1|           2|
    |xor_ln71_fu_1786_p2          |       xor|   0|  0|   2|           1|           2|
    |xor_ln74_1_fu_2094_p2        |       xor|   0|  0|   2|           1|           2|
    |xor_ln74_2_fu_2380_p2        |       xor|   0|  0|   2|           1|           2|
    |xor_ln74_3_fu_3562_p2        |       xor|   0|  0|   2|           1|           2|
    |xor_ln74_4_fu_2818_p2        |       xor|   0|  0|   2|           1|           2|
    |xor_ln74_fu_1804_p2          |       xor|   0|  0|   2|           1|           2|
    |xor_ln77_1_fu_2112_p2        |       xor|   0|  0|   2|           1|           2|
    |xor_ln77_2_fu_2398_p2        |       xor|   0|  0|   2|           1|           2|
    |xor_ln77_3_fu_3578_p2        |       xor|   0|  0|   2|           1|           2|
    |xor_ln77_4_fu_2836_p2        |       xor|   0|  0|   2|           1|           2|
    |xor_ln77_fu_1822_p2          |       xor|   0|  0|   2|           1|           2|
    |xor_ln80_1_fu_2130_p2        |       xor|   0|  0|   2|           1|           2|
    |xor_ln80_2_fu_2416_p2        |       xor|   0|  0|   2|           1|           2|
    |xor_ln80_3_fu_3594_p2        |       xor|   0|  0|   2|           1|           2|
    |xor_ln80_4_fu_2854_p2        |       xor|   0|  0|   2|           1|           2|
    |xor_ln80_fu_1840_p2          |       xor|   0|  0|   2|           1|           2|
    |xor_ln83_1_fu_2148_p2        |       xor|   0|  0|   2|           1|           2|
    |xor_ln83_2_fu_2434_p2        |       xor|   0|  0|   2|           1|           2|
    |xor_ln83_3_fu_3610_p2        |       xor|   0|  0|   2|           1|           2|
    |xor_ln83_4_fu_2872_p2        |       xor|   0|  0|   2|           1|           2|
    |xor_ln83_fu_1858_p2          |       xor|   0|  0|   2|           1|           2|
    |xor_ln86_1_fu_2166_p2        |       xor|   0|  0|   2|           1|           2|
    |xor_ln86_2_fu_2452_p2        |       xor|   0|  0|   2|           1|           2|
    |xor_ln86_3_fu_3626_p2        |       xor|   0|  0|   2|           1|           2|
    |xor_ln86_4_fu_2890_p2        |       xor|   0|  0|   2|           1|           2|
    |xor_ln86_fu_1876_p2          |       xor|   0|  0|   2|           1|           2|
    |xor_ln92_1_fu_3675_p2        |       xor|   0|  0|   2|           1|           2|
    |xor_ln92_2_fu_3713_p2        |       xor|   0|  0|   2|           1|           2|
    |xor_ln92_3_fu_3917_p2        |       xor|   0|  0|   2|           1|           2|
    |xor_ln92_4_fu_4120_p2        |       xor|   0|  0|   2|           1|           2|
    |xor_ln92_fu_3193_p2          |       xor|   0|  0|   2|           1|           2|
    +-----------------------------+----------+----+---+----+------------+------------+
    |Total                        |          |   0|  0|6607|        4334|        3794|
    +-----------------------------+----------+----+---+----+------------+------------+

    * Multiplexer: 
    +----------------------------------------------+----+-----------+-----+-----------+
    |                     Name                     | LUT| Input Size| Bits| Total Bits|
    +----------------------------------------------+----+-----------+-----+-----------+
    |ap_NS_fsm                                     |  49|          9|    1|          9|
    |ap_done                                       |   9|          2|    1|          2|
    |ap_phi_mux_feat_out_0_flag_86_phi_fu_518_p22  |  14|          3|    1|          3|
    |ap_return                                     |   9|          2|   21|         42|
    |feat_out_0_flag_17_reg_408                    |   9|          2|    1|          2|
    |feat_out_0_flag_87_reg_476                    |   9|          2|    1|          2|
    |feat_out_0_flag_8_reg_343                     |   9|          2|    1|          2|
    |feat_out_0_loc_17_reg_380                     |  49|          9|   20|        180|
    |feat_out_0_loc_76_reg_553                     |  49|          9|   20|        180|
    |feat_out_0_loc_77_reg_445                     |  49|          9|   20|        180|
    |feat_out_0_loc_78_reg_292                     |   9|          2|   18|         36|
    |feat_out_0_loc_8_reg_317                      |  49|          9|   20|        180|
    +----------------------------------------------+----+-----------+-----+-----------+
    |Total                                         | 313|         60|  125|        818|
    +----------------------------------------------+----+-----------+-----+-----------+

    * Register: 
    +----------------------------+----+----+-----+-----------+
    |            Name            | FF | LUT| Bits| Const Bits|
    +----------------------------+----+----+-----+-----------+
    |and_ln71_10_reg_4982        |   1|   0|    1|          0|
    |and_ln71_12_reg_5033        |   1|   0|    1|          0|
    |and_ln71_4_reg_4838         |   1|   0|    1|          0|
    |and_ln71_6_reg_4897         |   1|   0|    1|          0|
    |and_ln71_8_reg_4937         |   1|   0|    1|          0|
    |and_ln74_10_reg_4988        |   1|   0|    1|          0|
    |and_ln77_10_reg_4994        |   1|   0|    1|          0|
    |and_ln77_11_reg_5105        |   1|   0|    1|          0|
    |and_ln77_13_reg_5038        |   1|   0|    1|          0|
    |and_ln77_5_reg_4852         |   1|   0|    1|          0|
    |and_ln77_7_reg_4902         |   1|   0|    1|          0|
    |and_ln77_9_reg_4942         |   1|   0|    1|          0|
    |and_ln80_10_reg_5000        |   1|   0|    1|          0|
    |and_ln83_10_reg_5006        |   1|   0|    1|          0|
    |and_ln83_11_reg_5110        |   1|   0|    1|          0|
    |and_ln83_13_reg_5043        |   1|   0|    1|          0|
    |and_ln83_5_reg_4857         |   1|   0|    1|          0|
    |and_ln83_7_reg_4907         |   1|   0|    1|          0|
    |and_ln83_9_reg_4947         |   1|   0|    1|          0|
    |and_ln86_10_reg_5012        |   1|   0|    1|          0|
    |and_ln89_10_reg_5018        |   1|   0|    1|          0|
    |and_ln89_11_reg_5115        |   1|   0|    1|          0|
    |and_ln89_13_reg_5048        |   1|   0|    1|          0|
    |and_ln89_5_reg_4862         |   1|   0|    1|          0|
    |and_ln89_7_reg_4912         |   1|   0|    1|          0|
    |and_ln89_9_reg_4952         |   1|   0|    1|          0|
    |ap_CS_fsm                   |   8|   0|    8|          0|
    |ap_done_reg                 |   1|   0|    1|          0|
    |ap_return_preg              |  21|   0|   21|          0|
    |feat_out_0_flag_17_reg_408  |   1|   0|    1|          0|
    |feat_out_0_flag_87_reg_476  |   1|   0|    1|          0|
    |feat_out_0_flag_88_reg_303  |   1|   0|    1|          0|
    |feat_out_0_flag_8_reg_343   |   1|   0|    1|          0|
    |feat_out_0_loc_17_reg_380   |  20|   0|   20|          0|
    |feat_out_0_loc_76_reg_553   |  20|   0|   20|          0|
    |feat_out_0_loc_77_reg_445   |  20|   0|   20|          0|
    |feat_out_0_loc_78_reg_292   |  18|   0|   19|          1|
    |feat_out_0_loc_8_reg_317    |  20|   0|   20|          0|
    |icmp_ln59_1_reg_4823        |   1|   0|    1|          0|
    |icmp_ln59_2_reg_4887        |   1|   0|    1|          0|
    |icmp_ln59_3_reg_4892        |   1|   0|    1|          0|
    |icmp_ln59_4_reg_4977        |   1|   0|    1|          0|
    |icmp_ln59_5_reg_5028        |   1|   0|    1|          0|
    |icmp_ln59_reg_4528          |   1|   0|    1|          0|
    |icmp_ln67_6_reg_4828        |   1|   0|    1|          0|
    |or_ln59_4_reg_5073          |   1|   0|    1|          0|
    |or_ln89_10_reg_4962         |   1|   0|    1|          0|
    |or_ln89_11_reg_4967         |   1|   0|    1|          0|
    |or_ln89_12_reg_5120         |   1|   0|    1|          0|
    |or_ln89_14_reg_5125         |   1|   0|    1|          0|
    |or_ln89_15_reg_5130         |   1|   0|    1|          0|
    |or_ln89_16_reg_5053         |   1|   0|    1|          0|
    |or_ln89_18_reg_5058         |   1|   0|    1|          0|
    |or_ln89_19_reg_5063         |   1|   0|    1|          0|
    |or_ln89_2_reg_4872          |   1|   0|    1|          0|
    |or_ln89_3_reg_4877          |   1|   0|    1|          0|
    |or_ln89_4_reg_4917          |   1|   0|    1|          0|
    |or_ln89_6_reg_4922          |   1|   0|    1|          0|
    |or_ln89_7_reg_4927          |   1|   0|    1|          0|
    |or_ln89_8_reg_4957          |   1|   0|    1|          0|
    |or_ln89_reg_4867            |   1|   0|    1|          0|
    |or_ln92_14_reg_4932         |   1|   0|    1|          0|
    |or_ln92_22_reg_4972         |   1|   0|    1|          0|
    |or_ln92_30_reg_5023         |   1|   0|    1|          0|
    |or_ln92_38_reg_5068         |   1|   0|    1|          0|
    |or_ln92_6_reg_4882          |   1|   0|    1|          0|
    |select_ln59_3_reg_5135      |  21|   0|   21|          0|
    |select_ln59_reg_5078        |  21|   0|   21|          0|
    |select_ln89_11_reg_5085     |  18|   0|   18|          0|
    |select_ln89_12_reg_5090     |  18|   0|   18|          0|
    |select_ln89_18_reg_5095     |  18|   0|   18|          0|
    |select_ln89_19_reg_5100     |  18|   0|   18|          0|
    |xor_ln67_1_reg_4843         |   1|   0|    1|          0|
    |xor_ln67_reg_4544           |   1|   0|    1|          0|
    +----------------------------+----+----+-----+-----------+
    |Total                       | 302|   0|  303|          1|
    +----------------------------+----+----+-----+-----------+



================================================================
== Interface
================================================================
* Summary: 
+-------------+-----+-----+------------+--------------+--------------+
|  RTL Ports  | Dir | Bits|  Protocol  | Source Object|    C Type    |
+-------------+-----+-----+------------+--------------+--------------+
|ap_clk       |   in|    1|  ap_ctrl_hs|       compute|  return value|
|ap_rst       |   in|    1|  ap_ctrl_hs|       compute|  return value|
|ap_start     |   in|    1|  ap_ctrl_hs|       compute|  return value|
|ap_done      |  out|    1|  ap_ctrl_hs|       compute|  return value|
|ap_continue  |   in|    1|  ap_ctrl_hs|       compute|  return value|
|ap_idle      |  out|    1|  ap_ctrl_hs|       compute|  return value|
|ap_ready     |  out|    1|  ap_ctrl_hs|       compute|  return value|
|ap_return    |  out|   21|  ap_ctrl_hs|       compute|  return value|
|p_read       |   in|   32|     ap_none|        p_read|        scalar|
|p_read1      |   in|   32|     ap_none|       p_read1|        scalar|
|p_read2      |   in|   32|     ap_none|       p_read2|        scalar|
|p_read3      |   in|   32|     ap_none|       p_read3|        scalar|
|p_read4      |   in|   32|     ap_none|       p_read4|        scalar|
|p_read5      |   in|   32|     ap_none|       p_read5|        scalar|
|p_read6      |   in|   32|     ap_none|       p_read6|        scalar|
|p_read7      |   in|   32|     ap_none|       p_read7|        scalar|
|p_read8      |   in|   32|     ap_none|       p_read8|        scalar|
|p_read9      |   in|   32|     ap_none|       p_read9|        scalar|
|p_read10     |   in|   32|     ap_none|      p_read10|        scalar|
|p_read11     |   in|   32|     ap_none|      p_read11|        scalar|
|p_read12     |   in|   32|     ap_none|      p_read12|        scalar|
|p_read13     |   in|   32|     ap_none|      p_read13|        scalar|
|p_read14     |   in|   32|     ap_none|      p_read14|        scalar|
|p_read15     |   in|   32|     ap_none|      p_read15|        scalar|
|p_read16     |   in|   32|     ap_none|      p_read16|        scalar|
|p_read17     |   in|   32|     ap_none|      p_read17|        scalar|
|p_read18     |   in|   32|     ap_none|      p_read18|        scalar|
|p_read19     |   in|   32|     ap_none|      p_read19|        scalar|
|p_read20     |   in|   12|     ap_none|      p_read20|        scalar|
|p_read21     |   in|   12|     ap_none|      p_read21|        scalar|
|p_read22     |   in|   12|     ap_none|      p_read22|        scalar|
|p_read23     |   in|   12|     ap_none|      p_read23|        scalar|
|p_read24     |   in|   12|     ap_none|      p_read24|        scalar|
|p_read25     |   in|   12|     ap_none|      p_read25|        scalar|
|p_read26     |   in|   12|     ap_none|      p_read26|        scalar|
|p_read27     |   in|   12|     ap_none|      p_read27|        scalar|
|p_read28     |   in|   12|     ap_none|      p_read28|        scalar|
|p_read29     |   in|   12|     ap_none|      p_read29|        scalar|
+-------------+-----+-----+------------+--------------+--------------+

