

================================================================
== Synthesis Summary Report of 'model_test'
================================================================
+ General Information: 
    * Date:           Wed Mar 26 16:34:21 2025
    * Version:        2023.1 (Build 3854077 on May  4 2023)
    * Project:        model_test_prj
    * Solution:       solution1 (Vivado IP Flow Target)
    * Product family: virtexuplus
    * Target device:  xcvu13p-flga2577-2-e
    

+ Performance & Resource Estimates: 
    
    PS: '+' for module; 'o' for loop; '*' for dataflow
    +----------------------------------------------------------------------+------+------+---------+--------+----------+---------+------+----------+------+----+------------+------------+-----+
    |                                Modules                               | Issue|      | Latency | Latency| Iteration|         | Trip |          |      |    |            |            |     |
    |                                & Loops                               | Type | Slack| (cycles)|  (ns)  |  Latency | Interval| Count| Pipelined| BRAM | DSP|     FF     |     LUT    | URAM|
    +----------------------------------------------------------------------+------+------+---------+--------+----------+---------+------+----------+------+----+------------+------------+-----+
    |+ model_test*                                                         |     -|  0.19|       16|  80.000|         -|       14|     -|  dataflow|     -|   -|  3429 (~0%)|  28210 (1%)|    -|
    | + sparse_input_reduce_ap_fixed_12_4_0_0_0_ap_uint_10_10_10_1_10_s    |     -|  0.19|       13|  65.000|         -|       13|     -|        no|     -|   -|  1589 (~0%)|  7164 (~0%)|    -|
    |  o MaxPixelsLoop                                                     |     -|  4.37|       11|  55.000|         3|        1|    10|       yes|     -|   -|           -|           -|    -|
    |   + operator_s                                                       |    II|  3.33|        0|   0.000|         -|        1|     -|       yes|     -|   -|           -|    43 (~0%)|    -|
    |   + operator_s                                                       |    II|  3.33|        0|   0.000|         -|        1|     -|       yes|     -|   -|           -|    43 (~0%)|    -|
    |   + operator_s                                                       |    II|  3.33|        0|   0.000|         -|        1|     -|       yes|     -|   -|           -|    43 (~0%)|    -|
    |   + operator_s                                                       |    II|  3.33|        0|   0.000|         -|        1|     -|       yes|     -|   -|           -|    43 (~0%)|    -|
    |   + operator_s                                                       |    II|  3.33|        0|   0.000|         -|        1|     -|       yes|     -|   -|           -|    43 (~0%)|    -|
    |   + operator_s                                                       |    II|  3.33|        0|   0.000|         -|        1|     -|       yes|     -|   -|           -|    43 (~0%)|    -|
    |   + operator_s                                                       |    II|  3.33|        0|   0.000|         -|        1|     -|       yes|     -|   -|           -|    43 (~0%)|    -|
    |   + operator_s                                                       |    II|  3.33|        0|   0.000|         -|        1|     -|       yes|     -|   -|           -|    43 (~0%)|    -|
    |   + operator_s                                                       |    II|  3.33|        0|   0.000|         -|        1|     -|       yes|     -|   -|           -|    43 (~0%)|    -|
    |   + operator_s                                                       |    II|  3.33|        0|   0.000|         -|        1|     -|       yes|     -|   -|           -|    43 (~0%)|    -|
    |   + operator_s                                                       |    II|  3.33|        0|   0.000|         -|        1|     -|       yes|     -|   -|           -|    43 (~0%)|    -|
    |   + operator_s                                                       |    II|  3.33|        0|   0.000|         -|        1|     -|       yes|     -|   -|           -|    43 (~0%)|    -|
    |   + operator_s                                                       |    II|  3.33|        0|   0.000|         -|        1|     -|       yes|     -|   -|           -|    43 (~0%)|    -|
    |   + operator_s                                                       |    II|  3.33|        0|   0.000|         -|        1|     -|       yes|     -|   -|           -|    43 (~0%)|    -|
    |   + operator_s                                                       |    II|  3.33|        0|   0.000|         -|        1|     -|       yes|     -|   -|           -|    43 (~0%)|    -|
    |   + operator_s                                                       |    II|  3.33|        0|   0.000|         -|        1|     -|       yes|     -|   -|           -|    43 (~0%)|    -|
    |   + operator_s                                                       |    II|  3.33|        0|   0.000|         -|        1|     -|       yes|     -|   -|           -|    43 (~0%)|    -|
    |   + operator_s                                                       |    II|  3.33|        0|   0.000|         -|        1|     -|       yes|     -|   -|           -|    43 (~0%)|    -|
    |   + operator_s                                                       |    II|  3.33|        0|   0.000|         -|        1|     -|       yes|     -|   -|           -|    43 (~0%)|    -|
    |   + operator_s                                                       |    II|  3.33|        0|   0.000|         -|        1|     -|       yes|     -|   -|           -|    43 (~0%)|    -|
    |   + operator_s                                                       |    II|  3.33|        0|   0.000|         -|        1|     -|       yes|     -|   -|           -|    43 (~0%)|    -|
    |   + operator_s                                                       |    II|  3.33|        0|   0.000|         -|        1|     -|       yes|     -|   -|           -|    43 (~0%)|    -|
    |   + operator_s                                                       |    II|  3.33|        0|   0.000|         -|        1|     -|       yes|     -|   -|           -|    43 (~0%)|    -|
    |   + operator_s                                                       |    II|  3.33|        0|   0.000|         -|        1|     -|       yes|     -|   -|           -|    43 (~0%)|    -|
    |   + operator_s                                                       |    II|  3.33|        0|   0.000|         -|        1|     -|       yes|     -|   -|           -|    43 (~0%)|    -|
    |   + operator_s                                                       |    II|  3.33|        0|   0.000|         -|        1|     -|       yes|     -|   -|           -|    43 (~0%)|    -|
    |   + operator_s                                                       |    II|  3.33|        0|   0.000|         -|        1|     -|       yes|     -|   -|           -|    43 (~0%)|    -|
    |   + operator_s                                                       |    II|  3.33|        0|   0.000|         -|        1|     -|       yes|     -|   -|           -|    43 (~0%)|    -|
    |   + operator_s                                                       |    II|  3.33|        0|   0.000|         -|        1|     -|       yes|     -|   -|           -|    43 (~0%)|    -|
    |   + operator_s                                                       |    II|  3.33|        0|   0.000|         -|        1|     -|       yes|     -|   -|           -|    43 (~0%)|    -|
    |   + operator_s                                                       |    II|  3.33|        0|   0.000|         -|        1|     -|       yes|     -|   -|           -|    43 (~0%)|    -|
    |   + operator_s                                                       |    II|  3.33|        0|   0.000|         -|        1|     -|       yes|     -|   -|           -|    43 (~0%)|    -|
    |   + operator_s                                                       |    II|  3.33|        0|   0.000|         -|        1|     -|       yes|     -|   -|           -|    43 (~0%)|    -|
    |   + operator_s                                                       |    II|  3.33|        0|   0.000|         -|        1|     -|       yes|     -|   -|           -|    43 (~0%)|    -|
    |   + operator_s                                                       |    II|  3.33|        0|   0.000|         -|        1|     -|       yes|     -|   -|           -|    43 (~0%)|    -|
    |   + operator_s                                                       |    II|  3.33|        0|   0.000|         -|        1|     -|       yes|     -|   -|           -|    43 (~0%)|    -|
    |   + operator_s                                                       |    II|  3.33|        0|   0.000|         -|        1|     -|       yes|     -|   -|           -|    43 (~0%)|    -|
    |   + operator_s                                                       |    II|  3.33|        0|   0.000|         -|        1|     -|       yes|     -|   -|           -|    43 (~0%)|    -|
    |   + operator_s                                                       |    II|  3.33|        0|   0.000|         -|        1|     -|       yes|     -|   -|           -|    43 (~0%)|    -|
    |   + operator_s                                                       |    II|  3.33|        0|   0.000|         -|        1|     -|       yes|     -|   -|           -|    43 (~0%)|    -|
    |   + operator_s                                                       |    II|  3.33|        0|   0.000|         -|        1|     -|       yes|     -|   -|           -|    43 (~0%)|    -|
    |   + operator_s                                                       |    II|  3.33|        0|   0.000|         -|        1|     -|       yes|     -|   -|           -|    43 (~0%)|    -|
    |   + operator_s                                                       |    II|  3.33|        0|   0.000|         -|        1|     -|       yes|     -|   -|           -|    43 (~0%)|    -|
    |   + operator_s                                                       |    II|  3.33|        0|   0.000|         -|        1|     -|       yes|     -|   -|           -|    43 (~0%)|    -|
    |   + operator_s                                                       |    II|  3.33|        0|   0.000|         -|        1|     -|       yes|     -|   -|           -|    43 (~0%)|    -|
    |   + operator_s                                                       |    II|  3.33|        0|   0.000|         -|        1|     -|       yes|     -|   -|           -|    43 (~0%)|    -|
    |   + operator_s                                                       |    II|  3.33|        0|   0.000|         -|        1|     -|       yes|     -|   -|           -|    43 (~0%)|    -|
    |   + operator_s                                                       |    II|  3.33|        0|   0.000|         -|        1|     -|       yes|     -|   -|           -|    43 (~0%)|    -|
    |   + operator_s                                                       |    II|  3.33|        0|   0.000|         -|        1|     -|       yes|     -|   -|           -|    43 (~0%)|    -|
    |   + operator_s                                                       |    II|  3.33|        0|   0.000|         -|        1|     -|       yes|     -|   -|           -|    43 (~0%)|    -|
    |   + operator_s                                                       |    II|  3.33|        0|   0.000|         -|        1|     -|       yes|     -|   -|           -|    43 (~0%)|    -|
    |   + operator_s                                                       |    II|  3.33|        0|   0.000|         -|        1|     -|       yes|     -|   -|           -|    43 (~0%)|    -|
    |   + operator_s                                                       |    II|  3.33|        0|   0.000|         -|        1|     -|       yes|     -|   -|           -|    43 (~0%)|    -|
    |   + operator_s                                                       |    II|  3.33|        0|   0.000|         -|        1|     -|       yes|     -|   -|           -|    43 (~0%)|    -|
    |   + operator_s                                                       |    II|  3.33|        0|   0.000|         -|        1|     -|       yes|     -|   -|           -|    43 (~0%)|    -|
    |   + operator_s                                                       |    II|  3.33|        0|   0.000|         -|        1|     -|       yes|     -|   -|           -|    43 (~0%)|    -|
    |   + operator_s                                                       |    II|  3.33|        0|   0.000|         -|        1|     -|       yes|     -|   -|           -|    43 (~0%)|    -|
    |   + operator_s                                                       |    II|  3.33|        0|   0.000|         -|        1|     -|       yes|     -|   -|           -|    43 (~0%)|    -|
    |   + operator_s                                                       |    II|  3.33|        0|   0.000|         -|        1|     -|       yes|     -|   -|           -|    43 (~0%)|    -|
    |   + operator_s                                                       |    II|  3.33|        0|   0.000|         -|        1|     -|       yes|     -|   -|           -|    43 (~0%)|    -|
    |   + operator_s                                                       |    II|  3.33|        0|   0.000|         -|        1|     -|       yes|     -|   -|           -|    43 (~0%)|    -|
    |   + operator_s                                                       |    II|  3.33|        0|   0.000|         -|        1|     -|       yes|     -|   -|           -|    43 (~0%)|    -|
    |   + operator_s                                                       |    II|  3.33|        0|   0.000|         -|        1|     -|       yes|     -|   -|           -|    43 (~0%)|    -|
    |   + operator_s                                                       |    II|  3.33|        0|   0.000|         -|        1|     -|       yes|     -|   -|           -|    43 (~0%)|    -|
    |   + operator_s                                                       |    II|  3.33|        0|   0.000|         -|        1|     -|       yes|     -|   -|           -|    43 (~0%)|    -|
    |   + operator_s                                                       |    II|  3.33|        0|   0.000|         -|        1|     -|       yes|     -|   -|           -|    43 (~0%)|    -|
    |   + operator_s                                                       |    II|  3.33|        0|   0.000|         -|        1|     -|       yes|     -|   -|           -|    43 (~0%)|    -|
    |   + operator_s                                                       |    II|  3.33|        0|   0.000|         -|        1|     -|       yes|     -|   -|           -|    43 (~0%)|    -|
    |   + operator_s                                                       |    II|  3.33|        0|   0.000|         -|        1|     -|       yes|     -|   -|           -|    43 (~0%)|    -|
    |   + operator_s                                                       |    II|  3.33|        0|   0.000|         -|        1|     -|       yes|     -|   -|           -|    43 (~0%)|    -|
    |   + operator_s                                                       |    II|  3.33|        0|   0.000|         -|        1|     -|       yes|     -|   -|           -|    43 (~0%)|    -|
    |   + operator_s                                                       |    II|  3.33|        0|   0.000|         -|        1|     -|       yes|     -|   -|           -|    43 (~0%)|    -|
    |   + operator_s                                                       |    II|  3.33|        0|   0.000|         -|        1|     -|       yes|     -|   -|           -|    43 (~0%)|    -|
    |   + operator_s                                                       |    II|  3.33|        0|   0.000|         -|        1|     -|       yes|     -|   -|           -|    43 (~0%)|    -|
    |   + operator_s                                                       |    II|  3.33|        0|   0.000|         -|        1|     -|       yes|     -|   -|           -|    43 (~0%)|    -|
    |   + operator_s                                                       |    II|  3.33|        0|   0.000|         -|        1|     -|       yes|     -|   -|           -|    43 (~0%)|    -|
    |   + operator_s                                                       |    II|  3.33|        0|   0.000|         -|        1|     -|       yes|     -|   -|           -|    43 (~0%)|    -|
    |   + operator_s                                                       |    II|  3.33|        0|   0.000|         -|        1|     -|       yes|     -|   -|           -|    43 (~0%)|    -|
    |   + operator_s                                                       |    II|  3.33|        0|   0.000|         -|        1|     -|       yes|     -|   -|           -|    43 (~0%)|    -|
    |   + operator_s                                                       |    II|  3.33|        0|   0.000|         -|        1|     -|       yes|     -|   -|           -|    43 (~0%)|    -|
    |   + operator_s                                                       |    II|  3.33|        0|   0.000|         -|        1|     -|       yes|     -|   -|           -|    43 (~0%)|    -|
    |   + operator_s                                                       |    II|  3.33|        0|   0.000|         -|        1|     -|       yes|     -|   -|           -|    43 (~0%)|    -|
    |   + operator_s                                                       |    II|  3.33|        0|   0.000|         -|        1|     -|       yes|     -|   -|           -|    43 (~0%)|    -|
    |   + operator_s                                                       |    II|  3.33|        0|   0.000|         -|        1|     -|       yes|     -|   -|           -|    43 (~0%)|    -|
    |   + operator_s                                                       |    II|  3.33|        0|   0.000|         -|        1|     -|       yes|     -|   -|           -|    43 (~0%)|    -|
    |   + operator_s                                                       |    II|  3.33|        0|   0.000|         -|        1|     -|       yes|     -|   -|           -|    43 (~0%)|    -|
    |   + operator_s                                                       |    II|  3.33|        0|   0.000|         -|        1|     -|       yes|     -|   -|           -|    43 (~0%)|    -|
    |   + operator_s                                                       |    II|  3.33|        0|   0.000|         -|        1|     -|       yes|     -|   -|           -|    43 (~0%)|    -|
    |   + operator_s                                                       |    II|  3.33|        0|   0.000|         -|        1|     -|       yes|     -|   -|           -|    43 (~0%)|    -|
    |   + operator_s                                                       |    II|  3.33|        0|   0.000|         -|        1|     -|       yes|     -|   -|           -|    43 (~0%)|    -|
    |   + operator_s                                                       |    II|  3.33|        0|   0.000|         -|        1|     -|       yes|     -|   -|           -|    43 (~0%)|    -|
    |   + operator_s                                                       |    II|  3.33|        0|   0.000|         -|        1|     -|       yes|     -|   -|           -|    43 (~0%)|    -|
    |   + operator_s                                                       |    II|  3.33|        0|   0.000|         -|        1|     -|       yes|     -|   -|           -|    43 (~0%)|    -|
    |   + operator_s                                                       |    II|  3.33|        0|   0.000|         -|        1|     -|       yes|     -|   -|           -|    43 (~0%)|    -|
    |   + operator_s                                                       |    II|  3.33|        0|   0.000|         -|        1|     -|       yes|     -|   -|           -|    43 (~0%)|    -|
    |   + operator_s                                                       |    II|  3.33|        0|   0.000|         -|        1|     -|       yes|     -|   -|           -|    43 (~0%)|    -|
    |   + operator_s                                                       |    II|  3.33|        0|   0.000|         -|        1|     -|       yes|     -|   -|           -|    43 (~0%)|    -|
    |   + operator_s                                                       |    II|  3.33|        0|   0.000|         -|        1|     -|       yes|     -|   -|           -|    43 (~0%)|    -|
    | + sparse_conv_ap_fixed_ap_fixed_ap_uint_10_ap_fixed_16_6_5_3_0_10_s  |     -|  0.55|        1|   5.000|         -|        1|     -|        no|     -|   -|   298 (~0%)|  19025 (1%)|    -|
    | + sparse_relu_ap_fixed_25_10_5_3_0_ap_fixed_25_10_5_3_0_10_s         |    II|  1.76|        0|   0.000|         -|        1|     -|       yes|     -|   -|   222 (~0%)|   621 (~0%)|    -|
    +----------------------------------------------------------------------+------+------+---------+--------+----------+---------+------+----------+------+----+------------+------------+-----+


================================================================
== HW Interfaces
================================================================
* Other Ports
+--------------+--------+-----------+----------+
| Port         | Mode   | Direction | Bitwidth |
+--------------+--------+-----------+----------+
| layer2_out_0 | ap_vld | out       | 25       |
| layer2_out_1 | ap_vld | out       | 25       |
| layer2_out_2 | ap_vld | out       | 25       |
| layer2_out_3 | ap_vld | out       | 25       |
| layer2_out_4 | ap_vld | out       | 25       |
| layer2_out_5 | ap_vld | out       | 25       |
| layer2_out_6 | ap_vld | out       | 25       |
| layer2_out_7 | ap_vld | out       | 25       |
| layer2_out_8 | ap_vld | out       | 25       |
| layer2_out_9 | ap_vld | out       | 25       |
| x_in         | ap_vld | in        | 1200     |
+--------------+--------+-----------+----------+

* TOP LEVEL CONTROL
+-----------+------------+-----------------------------------+
| Interface | Type       | Ports                             |
+-----------+------------+-----------------------------------+
| ap_clk    | clock      | ap_clk                            |
| ap_rst    | reset      | ap_rst                            |
| ap_ctrl   | ap_ctrl_hs | ap_done ap_idle ap_ready ap_start |
+-----------+------------+-----------------------------------+


================================================================
== SW I/O Information
================================================================
* Top Function Arguments
+------------+-----------+---------------------------------------+
| Argument   | Direction | Datatype                              |
+------------+-----------+---------------------------------------+
| x_in       | in        | ap_fixed<12, 4, AP_RND, AP_SAT, 0>*   |
| layer2_out | out       | ap_fixed<25, 10, AP_TRN, AP_WRAP, 0>* |
+------------+-----------+---------------------------------------+

* SW-to-HW Mapping
+------------+---------------------+---------+
| Argument   | HW Interface        | HW Type |
+------------+---------------------+---------+
| x_in       | x_in                | port    |
| x_in       | x_in_ap_vld         | port    |
| layer2_out | layer2_out_0        | port    |
| layer2_out | layer2_out_0_ap_vld | port    |
| layer2_out | layer2_out_1        | port    |
| layer2_out | layer2_out_1_ap_vld | port    |
| layer2_out | layer2_out_2        | port    |
| layer2_out | layer2_out_2_ap_vld | port    |
| layer2_out | layer2_out_3        | port    |
| layer2_out | layer2_out_3_ap_vld | port    |
| layer2_out | layer2_out_4        | port    |
| layer2_out | layer2_out_4_ap_vld | port    |
| layer2_out | layer2_out_5        | port    |
| layer2_out | layer2_out_5_ap_vld | port    |
| layer2_out | layer2_out_6        | port    |
| layer2_out | layer2_out_6_ap_vld | port    |
| layer2_out | layer2_out_7        | port    |
| layer2_out | layer2_out_7_ap_vld | port    |
| layer2_out | layer2_out_8        | port    |
| layer2_out | layer2_out_8_ap_vld | port    |
| layer2_out | layer2_out_9        | port    |
| layer2_out | layer2_out_9_ap_vld | port    |
+------------+---------------------+---------+


================================================================
== Bind Op Report
================================================================
+----------------------------------------------------------------------+-----+--------+--------------------+------+--------+---------+
| Name                                                                 | DSP | Pragma | Variable           | Op   | Impl   | Latency |
+----------------------------------------------------------------------+-----+--------+--------------------+------+--------+---------+
| + model_test                                                         | 0   |        |                    |      |        |         |
|   sparse_arr_feat_U                                                  | -   |        | sparse_arr_feat    | fifo | srl    | 0       |
|   sparse_arr_feat_1_U                                                | -   |        | sparse_arr_feat_1  | fifo | srl    | 0       |
|   sparse_arr_feat_2_U                                                | -   |        | sparse_arr_feat_2  | fifo | srl    | 0       |
|   sparse_arr_feat_3_U                                                | -   |        | sparse_arr_feat_3  | fifo | srl    | 0       |
|   sparse_arr_feat_4_U                                                | -   |        | sparse_arr_feat_4  | fifo | srl    | 0       |
|   sparse_arr_feat_5_U                                                | -   |        | sparse_arr_feat_5  | fifo | srl    | 0       |
|   sparse_arr_feat_6_U                                                | -   |        | sparse_arr_feat_6  | fifo | srl    | 0       |
|   sparse_arr_feat_7_U                                                | -   |        | sparse_arr_feat_7  | fifo | srl    | 0       |
|   sparse_arr_feat_8_U                                                | -   |        | sparse_arr_feat_8  | fifo | srl    | 0       |
|   sparse_arr_feat_9_U                                                | -   |        | sparse_arr_feat_9  | fifo | srl    | 0       |
|   sparse_arr_hash_U                                                  | -   |        | sparse_arr_hash    | fifo | srl    | 0       |
|   sparse_arr_hash_1_U                                                | -   |        | sparse_arr_hash_1  | fifo | srl    | 0       |
|   sparse_arr_hash_2_U                                                | -   |        | sparse_arr_hash_2  | fifo | srl    | 0       |
|   sparse_arr_hash_3_U                                                | -   |        | sparse_arr_hash_3  | fifo | srl    | 0       |
|   sparse_arr_hash_4_U                                                | -   |        | sparse_arr_hash_4  | fifo | srl    | 0       |
|   sparse_arr_hash_5_U                                                | -   |        | sparse_arr_hash_5  | fifo | srl    | 0       |
|   sparse_arr_hash_6_U                                                | -   |        | sparse_arr_hash_6  | fifo | srl    | 0       |
|   sparse_arr_hash_7_U                                                | -   |        | sparse_arr_hash_7  | fifo | srl    | 0       |
|   sparse_arr_hash_8_U                                                | -   |        | sparse_arr_hash_8  | fifo | srl    | 0       |
|   sparse_arr_hash_9_U                                                | -   |        | sparse_arr_hash_9  | fifo | srl    | 0       |
|   sparse_arr_hash_10_U                                               | -   |        | sparse_arr_hash_10 | fifo | srl    | 0       |
|   sparse_arr_hash_11_U                                               | -   |        | sparse_arr_hash_11 | fifo | srl    | 0       |
|   sparse_arr_hash_12_U                                               | -   |        | sparse_arr_hash_12 | fifo | srl    | 0       |
|   sparse_arr_hash_13_U                                               | -   |        | sparse_arr_hash_13 | fifo | srl    | 0       |
|   sparse_arr_hash_14_U                                               | -   |        | sparse_arr_hash_14 | fifo | srl    | 0       |
|   sparse_arr_hash_15_U                                               | -   |        | sparse_arr_hash_15 | fifo | srl    | 0       |
|   sparse_arr_hash_16_U                                               | -   |        | sparse_arr_hash_16 | fifo | srl    | 0       |
|   sparse_arr_hash_17_U                                               | -   |        | sparse_arr_hash_17 | fifo | srl    | 0       |
|   sparse_arr_hash_18_U                                               | -   |        | sparse_arr_hash_18 | fifo | srl    | 0       |
|   sparse_arr_hash_19_U                                               | -   |        | sparse_arr_hash_19 | fifo | srl    | 0       |
|   sparse1_out_U                                                      | -   |        | sparse1_out        | fifo | srl    | 0       |
|   sparse1_out_1_U                                                    | -   |        | sparse1_out_1      | fifo | srl    | 0       |
|   sparse1_out_2_U                                                    | -   |        | sparse1_out_2      | fifo | srl    | 0       |
|   sparse1_out_3_U                                                    | -   |        | sparse1_out_3      | fifo | srl    | 0       |
|   sparse1_out_4_U                                                    | -   |        | sparse1_out_4      | fifo | srl    | 0       |
|   sparse1_out_5_U                                                    | -   |        | sparse1_out_5      | fifo | srl    | 0       |
|   sparse1_out_6_U                                                    | -   |        | sparse1_out_6      | fifo | srl    | 0       |
|   sparse1_out_7_U                                                    | -   |        | sparse1_out_7      | fifo | srl    | 0       |
|   sparse1_out_8_U                                                    | -   |        | sparse1_out_8      | fifo | srl    | 0       |
|   sparse1_out_9_U                                                    | -   |        | sparse1_out_9      | fifo | srl    | 0       |
|  + sparse_input_reduce_ap_fixed_12_4_0_0_0_ap_uint_10_10_10_1_10_s   | 0   |        |                    |      |        |         |
|    add_ln74_fu_3890_p2                                               | -   |        | add_ln74           | add  | fabric | 0       |
|  + sparse_conv_ap_fixed_ap_fixed_ap_uint_10_ap_fixed_16_6_5_3_0_10_s | 0   |        |                    |      |        |         |
|    sub_ln139_fu_268_p2                                               | -   |        | sub_ln139          | sub  | fabric | 0       |
|    sub_ln140_fu_282_p2                                               | -   |        | sub_ln140          | sub  | fabric | 0       |
|    sub_ln139_1_fu_544_p2                                             | -   |        | sub_ln139_1        | sub  | fabric | 0       |
|    sub_ln140_1_fu_554_p2                                             | -   |        | sub_ln140_1        | sub  | fabric | 0       |
|    sub_ln139_2_fu_816_p2                                             | -   |        | sub_ln139_2        | sub  | fabric | 0       |
|    sub_ln140_2_fu_826_p2                                             | -   |        | sub_ln140_2        | sub  | fabric | 0       |
|    sub_ln139_3_fu_1088_p2                                            | -   |        | sub_ln139_3        | sub  | fabric | 0       |
|    sub_ln140_3_fu_1098_p2                                            | -   |        | sub_ln140_3        | sub  | fabric | 0       |
|    sub_ln139_4_fu_1360_p2                                            | -   |        | sub_ln139_4        | sub  | fabric | 0       |
|    sub_ln140_4_fu_1370_p2                                            | -   |        | sub_ln140_4        | sub  | fabric | 0       |
|    sub_ln139_5_fu_1632_p2                                            | -   |        | sub_ln139_5        | sub  | fabric | 0       |
|    sub_ln140_5_fu_1642_p2                                            | -   |        | sub_ln140_5        | sub  | fabric | 0       |
|    sub_ln139_6_fu_1904_p2                                            | -   |        | sub_ln139_6        | sub  | fabric | 0       |
|    sub_ln140_6_fu_1914_p2                                            | -   |        | sub_ln140_6        | sub  | fabric | 0       |
|    sub_ln139_7_fu_2176_p2                                            | -   |        | sub_ln139_7        | sub  | fabric | 0       |
|    sub_ln140_7_fu_2186_p2                                            | -   |        | sub_ln140_7        | sub  | fabric | 0       |
|    sub_ln139_8_fu_2448_p2                                            | -   |        | sub_ln139_8        | sub  | fabric | 0       |
|    sub_ln140_8_fu_2458_p2                                            | -   |        | sub_ln140_8        | sub  | fabric | 0       |
|    acc_60_fu_16992_p2                                                | -   |        | acc_60             | add  | fabric | 0       |
|    add_ln142_1_fu_17002_p2                                           | -   |        | add_ln142_1        | add  | fabric | 0       |
|    acc_61_fu_17012_p2                                                | -   |        | acc_61             | add  | fabric | 0       |
|    add_ln142_4_fu_17028_p2                                           | -   |        | add_ln142_4        | add  | fabric | 0       |
|    add_ln142_5_fu_17038_p2                                           | -   |        | add_ln142_5        | add  | fabric | 0       |
|    add_ln142_7_fu_17058_p2                                           | -   |        | add_ln142_7        | add  | fabric | 0       |
|    acc_4_fu_17068_p2                                                 | -   |        | acc_4              | add  | fabric | 0       |
|    sub_ln139_9_fu_2716_p2                                            | -   |        | sub_ln139_9        | sub  | fabric | 0       |
|    offset_w_fu_2722_p2                                               | -   |        | offset_w           | sub  | fabric | 0       |
|    sub_ln139_10_fu_2818_p2                                           | -   |        | sub_ln139_10       | sub  | fabric | 0       |
|    sub_ln140_10_fu_2824_p2                                           | -   |        | sub_ln140_10       | sub  | fabric | 0       |
|    sub_ln139_11_fu_3082_p2                                           | -   |        | sub_ln139_11       | sub  | fabric | 0       |
|    sub_ln140_11_fu_3088_p2                                           | -   |        | sub_ln140_11       | sub  | fabric | 0       |
|    sub_ln139_12_fu_3346_p2                                           | -   |        | sub_ln139_12       | sub  | fabric | 0       |
|    sub_ln140_12_fu_3352_p2                                           | -   |        | sub_ln140_12       | sub  | fabric | 0       |
|    sub_ln139_13_fu_3610_p2                                           | -   |        | sub_ln139_13       | sub  | fabric | 0       |
|    sub_ln140_13_fu_3616_p2                                           | -   |        | sub_ln140_13       | sub  | fabric | 0       |
|    sub_ln139_14_fu_3874_p2                                           | -   |        | sub_ln139_14       | sub  | fabric | 0       |
|    sub_ln140_14_fu_3880_p2                                           | -   |        | sub_ln140_14       | sub  | fabric | 0       |
|    sub_ln139_15_fu_4138_p2                                           | -   |        | sub_ln139_15       | sub  | fabric | 0       |
|    sub_ln140_15_fu_4144_p2                                           | -   |        | sub_ln140_15       | sub  | fabric | 0       |
|    sub_ln139_16_fu_4402_p2                                           | -   |        | sub_ln139_16       | sub  | fabric | 0       |
|    sub_ln140_16_fu_4408_p2                                           | -   |        | sub_ln140_16       | sub  | fabric | 0       |
|    sub_ln139_17_fu_4666_p2                                           | -   |        | sub_ln139_17       | sub  | fabric | 0       |
|    sub_ln140_17_fu_4672_p2                                           | -   |        | sub_ln140_17       | sub  | fabric | 0       |
|    acc_63_fu_17201_p2                                                | -   |        | acc_63             | add  | fabric | 0       |
|    add_ln142_10_fu_17211_p2                                          | -   |        | add_ln142_10       | add  | fabric | 0       |
|    acc_64_fu_17221_p2                                                | -   |        | acc_64             | add  | fabric | 0       |
|    add_ln142_13_fu_17237_p2                                          | -   |        | add_ln142_13       | add  | fabric | 0       |
|    add_ln142_14_fu_17247_p2                                          | -   |        | add_ln142_14       | add  | fabric | 0       |
|    add_ln142_16_fu_17267_p2                                          | -   |        | add_ln142_16       | add  | fabric | 0       |
|    acc_10_fu_17277_p2                                                | -   |        | acc_10             | add  | fabric | 0       |
|    sub_ln139_18_fu_4930_p2                                           | -   |        | sub_ln139_18       | sub  | fabric | 0       |
|    offset_w_1_fu_4936_p2                                             | -   |        | offset_w_1         | sub  | fabric | 0       |
|    sub_ln139_19_fu_5032_p2                                           | -   |        | sub_ln139_19       | sub  | fabric | 0       |
|    offset_w_2_fu_5038_p2                                             | -   |        | offset_w_2         | sub  | fabric | 0       |
|    sub_ln139_20_fu_5134_p2                                           | -   |        | sub_ln139_20       | sub  | fabric | 0       |
|    sub_ln140_20_fu_5140_p2                                           | -   |        | sub_ln140_20       | sub  | fabric | 0       |
|    sub_ln139_21_fu_5398_p2                                           | -   |        | sub_ln139_21       | sub  | fabric | 0       |
|    sub_ln140_21_fu_5404_p2                                           | -   |        | sub_ln140_21       | sub  | fabric | 0       |
|    sub_ln139_22_fu_5662_p2                                           | -   |        | sub_ln139_22       | sub  | fabric | 0       |
|    sub_ln140_22_fu_5668_p2                                           | -   |        | sub_ln140_22       | sub  | fabric | 0       |
|    sub_ln139_23_fu_5926_p2                                           | -   |        | sub_ln139_23       | sub  | fabric | 0       |
|    sub_ln140_23_fu_5932_p2                                           | -   |        | sub_ln140_23       | sub  | fabric | 0       |
|    sub_ln139_24_fu_6190_p2                                           | -   |        | sub_ln139_24       | sub  | fabric | 0       |
|    sub_ln140_24_fu_6196_p2                                           | -   |        | sub_ln140_24       | sub  | fabric | 0       |
|    sub_ln139_25_fu_6454_p2                                           | -   |        | sub_ln139_25       | sub  | fabric | 0       |
|    sub_ln140_25_fu_6460_p2                                           | -   |        | sub_ln140_25       | sub  | fabric | 0       |
|    sub_ln139_26_fu_6718_p2                                           | -   |        | sub_ln139_26       | sub  | fabric | 0       |
|    sub_ln140_26_fu_6724_p2                                           | -   |        | sub_ln140_26       | sub  | fabric | 0       |
|    acc_66_fu_17417_p2                                                | -   |        | acc_66             | add  | fabric | 0       |
|    add_ln142_19_fu_17427_p2                                          | -   |        | add_ln142_19       | add  | fabric | 0       |
|    acc_67_fu_17437_p2                                                | -   |        | acc_67             | add  | fabric | 0       |
|    add_ln142_22_fu_17453_p2                                          | -   |        | add_ln142_22       | add  | fabric | 0       |
|    add_ln142_23_fu_17463_p2                                          | -   |        | add_ln142_23       | add  | fabric | 0       |
|    add_ln142_25_fu_17483_p2                                          | -   |        | add_ln142_25       | add  | fabric | 0       |
|    acc_16_fu_17493_p2                                                | -   |        | acc_16             | add  | fabric | 0       |
|    sub_ln139_27_fu_6982_p2                                           | -   |        | sub_ln139_27       | sub  | fabric | 0       |
|    offset_w_3_fu_6988_p2                                             | -   |        | offset_w_3         | sub  | fabric | 0       |
|    sub_ln139_28_fu_7084_p2                                           | -   |        | sub_ln139_28       | sub  | fabric | 0       |
|    offset_w_4_fu_7090_p2                                             | -   |        | offset_w_4         | sub  | fabric | 0       |
|    sub_ln139_29_fu_7186_p2                                           | -   |        | sub_ln139_29       | sub  | fabric | 0       |
|    offset_w_5_fu_7192_p2                                             | -   |        | offset_w_5         | sub  | fabric | 0       |
|    sub_ln139_30_fu_7288_p2                                           | -   |        | sub_ln139_30       | sub  | fabric | 0       |
|    sub_ln140_30_fu_7294_p2                                           | -   |        | sub_ln140_30       | sub  | fabric | 0       |
|    sub_ln139_31_fu_7552_p2                                           | -   |        | sub_ln139_31       | sub  | fabric | 0       |
|    sub_ln140_31_fu_7558_p2                                           | -   |        | sub_ln140_31       | sub  | fabric | 0       |
|    sub_ln139_32_fu_7816_p2                                           | -   |        | sub_ln139_32       | sub  | fabric | 0       |
|    sub_ln140_32_fu_7822_p2                                           | -   |        | sub_ln140_32       | sub  | fabric | 0       |
|    sub_ln139_33_fu_8080_p2                                           | -   |        | sub_ln139_33       | sub  | fabric | 0       |
|    sub_ln140_33_fu_8086_p2                                           | -   |        | sub_ln140_33       | sub  | fabric | 0       |
|    sub_ln139_34_fu_8344_p2                                           | -   |        | sub_ln139_34       | sub  | fabric | 0       |
|    sub_ln140_34_fu_8350_p2                                           | -   |        | sub_ln140_34       | sub  | fabric | 0       |
|    sub_ln139_35_fu_8608_p2                                           | -   |        | sub_ln139_35       | sub  | fabric | 0       |
|    sub_ln140_35_fu_8614_p2                                           | -   |        | sub_ln140_35       | sub  | fabric | 0       |
|    acc_69_fu_17640_p2                                                | -   |        | acc_69             | add  | fabric | 0       |
|    add_ln142_28_fu_17650_p2                                          | -   |        | add_ln142_28       | add  | fabric | 0       |
|    acc_70_fu_17660_p2                                                | -   |        | acc_70             | add  | fabric | 0       |
|    add_ln142_31_fu_17676_p2                                          | -   |        | add_ln142_31       | add  | fabric | 0       |
|    add_ln142_32_fu_17686_p2                                          | -   |        | add_ln142_32       | add  | fabric | 0       |
|    add_ln142_34_fu_17706_p2                                          | -   |        | add_ln142_34       | add  | fabric | 0       |
|    acc_22_fu_17716_p2                                                | -   |        | acc_22             | add  | fabric | 0       |
|    sub_ln139_36_fu_8872_p2                                           | -   |        | sub_ln139_36       | sub  | fabric | 0       |
|    offset_w_6_fu_8878_p2                                             | -   |        | offset_w_6         | sub  | fabric | 0       |
|    sub_ln139_37_fu_8974_p2                                           | -   |        | sub_ln139_37       | sub  | fabric | 0       |
|    offset_w_7_fu_8980_p2                                             | -   |        | offset_w_7         | sub  | fabric | 0       |
|    sub_ln139_38_fu_9076_p2                                           | -   |        | sub_ln139_38       | sub  | fabric | 0       |
|    offset_w_8_fu_9082_p2                                             | -   |        | offset_w_8         | sub  | fabric | 0       |
|    sub_ln139_39_fu_9178_p2                                           | -   |        | sub_ln139_39       | sub  | fabric | 0       |
|    offset_w_9_fu_9184_p2                                             | -   |        | offset_w_9         | sub  | fabric | 0       |
|    sub_ln139_40_fu_9280_p2                                           | -   |        | sub_ln139_40       | sub  | fabric | 0       |
|    sub_ln140_40_fu_9286_p2                                           | -   |        | sub_ln140_40       | sub  | fabric | 0       |
|    sub_ln139_41_fu_9544_p2                                           | -   |        | sub_ln139_41       | sub  | fabric | 0       |
|    sub_ln140_41_fu_9550_p2                                           | -   |        | sub_ln140_41       | sub  | fabric | 0       |
|    sub_ln139_42_fu_9808_p2                                           | -   |        | sub_ln139_42       | sub  | fabric | 0       |
|    sub_ln140_42_fu_9814_p2                                           | -   |        | sub_ln140_42       | sub  | fabric | 0       |
|    sub_ln139_43_fu_10072_p2                                          | -   |        | sub_ln139_43       | sub  | fabric | 0       |
|    sub_ln140_43_fu_10078_p2                                          | -   |        | sub_ln140_43       | sub  | fabric | 0       |
|    sub_ln139_44_fu_10336_p2                                          | -   |        | sub_ln139_44       | sub  | fabric | 0       |
|    sub_ln140_44_fu_10342_p2                                          | -   |        | sub_ln140_44       | sub  | fabric | 0       |
|    acc_72_fu_17870_p2                                                | -   |        | acc_72             | add  | fabric | 0       |
|    add_ln142_37_fu_17880_p2                                          | -   |        | add_ln142_37       | add  | fabric | 0       |
|    acc_73_fu_17890_p2                                                | -   |        | acc_73             | add  | fabric | 0       |
|    add_ln142_40_fu_17906_p2                                          | -   |        | add_ln142_40       | add  | fabric | 0       |
|    add_ln142_41_fu_17916_p2                                          | -   |        | add_ln142_41       | add  | fabric | 0       |
|    add_ln142_43_fu_17936_p2                                          | -   |        | add_ln142_43       | add  | fabric | 0       |
|    acc_28_fu_17946_p2                                                | -   |        | acc_28             | add  | fabric | 0       |
|    sub_ln139_45_fu_10600_p2                                          | -   |        | sub_ln139_45       | sub  | fabric | 0       |
|    offset_w_10_fu_10606_p2                                           | -   |        | offset_w_10        | sub  | fabric | 0       |
|    sub_ln139_46_fu_10702_p2                                          | -   |        | sub_ln139_46       | sub  | fabric | 0       |
|    offset_w_11_fu_10708_p2                                           | -   |        | offset_w_11        | sub  | fabric | 0       |
|    sub_ln139_47_fu_10804_p2                                          | -   |        | sub_ln139_47       | sub  | fabric | 0       |
|    offset_w_12_fu_10810_p2                                           | -   |        | offset_w_12        | sub  | fabric | 0       |
|    sub_ln139_48_fu_10906_p2                                          | -   |        | sub_ln139_48       | sub  | fabric | 0       |
|    offset_w_13_fu_10912_p2                                           | -   |        | offset_w_13        | sub  | fabric | 0       |
|    sub_ln139_49_fu_11008_p2                                          | -   |        | sub_ln139_49       | sub  | fabric | 0       |
|    offset_w_14_fu_11014_p2                                           | -   |        | offset_w_14        | sub  | fabric | 0       |
|    sub_ln139_50_fu_11110_p2                                          | -   |        | sub_ln139_50       | sub  | fabric | 0       |
|    sub_ln140_50_fu_11116_p2                                          | -   |        | sub_ln140_50       | sub  | fabric | 0       |
|    sub_ln139_51_fu_11374_p2                                          | -   |        | sub_ln139_51       | sub  | fabric | 0       |
|    sub_ln140_51_fu_11380_p2                                          | -   |        | sub_ln140_51       | sub  | fabric | 0       |
|    sub_ln139_52_fu_11638_p2                                          | -   |        | sub_ln139_52       | sub  | fabric | 0       |
|    sub_ln140_52_fu_11644_p2                                          | -   |        | sub_ln140_52       | sub  | fabric | 0       |
|    sub_ln139_53_fu_11902_p2                                          | -   |        | sub_ln139_53       | sub  | fabric | 0       |
|    sub_ln140_53_fu_11908_p2                                          | -   |        | sub_ln140_53       | sub  | fabric | 0       |
|    acc_75_fu_18107_p2                                                | -   |        | acc_75             | add  | fabric | 0       |
|    add_ln142_46_fu_18117_p2                                          | -   |        | add_ln142_46       | add  | fabric | 0       |
|    acc_76_fu_18127_p2                                                | -   |        | acc_76             | add  | fabric | 0       |
|    add_ln142_49_fu_18143_p2                                          | -   |        | add_ln142_49       | add  | fabric | 0       |
|    add_ln142_50_fu_18153_p2                                          | -   |        | add_ln142_50       | add  | fabric | 0       |
|    add_ln142_52_fu_18173_p2                                          | -   |        | add_ln142_52       | add  | fabric | 0       |
|    acc_34_fu_18183_p2                                                | -   |        | acc_34             | add  | fabric | 0       |
|    sub_ln139_54_fu_12166_p2                                          | -   |        | sub_ln139_54       | sub  | fabric | 0       |
|    offset_w_15_fu_12172_p2                                           | -   |        | offset_w_15        | sub  | fabric | 0       |
|    sub_ln139_55_fu_12268_p2                                          | -   |        | sub_ln139_55       | sub  | fabric | 0       |
|    offset_w_16_fu_12274_p2                                           | -   |        | offset_w_16        | sub  | fabric | 0       |
|    sub_ln139_56_fu_12370_p2                                          | -   |        | sub_ln139_56       | sub  | fabric | 0       |
|    offset_w_17_fu_12376_p2                                           | -   |        | offset_w_17        | sub  | fabric | 0       |
|    sub_ln139_57_fu_12472_p2                                          | -   |        | sub_ln139_57       | sub  | fabric | 0       |
|    offset_w_18_fu_12478_p2                                           | -   |        | offset_w_18        | sub  | fabric | 0       |
|    sub_ln139_58_fu_12574_p2                                          | -   |        | sub_ln139_58       | sub  | fabric | 0       |
|    offset_w_19_fu_12580_p2                                           | -   |        | offset_w_19        | sub  | fabric | 0       |
|    sub_ln139_59_fu_12676_p2                                          | -   |        | sub_ln139_59       | sub  | fabric | 0       |
|    offset_w_20_fu_12682_p2                                           | -   |        | offset_w_20        | sub  | fabric | 0       |
|    sub_ln139_60_fu_12778_p2                                          | -   |        | sub_ln139_60       | sub  | fabric | 0       |
|    sub_ln140_60_fu_12784_p2                                          | -   |        | sub_ln140_60       | sub  | fabric | 0       |
|    sub_ln139_61_fu_13042_p2                                          | -   |        | sub_ln139_61       | sub  | fabric | 0       |
|    sub_ln140_61_fu_13048_p2                                          | -   |        | sub_ln140_61       | sub  | fabric | 0       |
|    sub_ln139_62_fu_13306_p2                                          | -   |        | sub_ln139_62       | sub  | fabric | 0       |
|    sub_ln140_62_fu_13312_p2                                          | -   |        | sub_ln140_62       | sub  | fabric | 0       |
|    acc_78_fu_18351_p2                                                | -   |        | acc_78             | add  | fabric | 0       |
|    add_ln142_55_fu_18361_p2                                          | -   |        | add_ln142_55       | add  | fabric | 0       |
|    acc_79_fu_18371_p2                                                | -   |        | acc_79             | add  | fabric | 0       |
|    add_ln142_58_fu_18387_p2                                          | -   |        | add_ln142_58       | add  | fabric | 0       |
|    add_ln142_59_fu_18397_p2                                          | -   |        | add_ln142_59       | add  | fabric | 0       |
|    add_ln142_61_fu_18417_p2                                          | -   |        | add_ln142_61       | add  | fabric | 0       |
|    acc_40_fu_18427_p2                                                | -   |        | acc_40             | add  | fabric | 0       |
|    sub_ln139_63_fu_13570_p2                                          | -   |        | sub_ln139_63       | sub  | fabric | 0       |
|    offset_w_21_fu_13576_p2                                           | -   |        | offset_w_21        | sub  | fabric | 0       |
|    sub_ln139_64_fu_13672_p2                                          | -   |        | sub_ln139_64       | sub  | fabric | 0       |
|    offset_w_22_fu_13678_p2                                           | -   |        | offset_w_22        | sub  | fabric | 0       |
|    sub_ln139_65_fu_13774_p2                                          | -   |        | sub_ln139_65       | sub  | fabric | 0       |
|    offset_w_23_fu_13780_p2                                           | -   |        | offset_w_23        | sub  | fabric | 0       |
|    sub_ln139_66_fu_13876_p2                                          | -   |        | sub_ln139_66       | sub  | fabric | 0       |
|    offset_w_24_fu_13882_p2                                           | -   |        | offset_w_24        | sub  | fabric | 0       |
|    sub_ln139_67_fu_13978_p2                                          | -   |        | sub_ln139_67       | sub  | fabric | 0       |
|    offset_w_25_fu_13984_p2                                           | -   |        | offset_w_25        | sub  | fabric | 0       |
|    sub_ln139_68_fu_14080_p2                                          | -   |        | sub_ln139_68       | sub  | fabric | 0       |
|    offset_w_26_fu_14086_p2                                           | -   |        | offset_w_26        | sub  | fabric | 0       |
|    sub_ln139_69_fu_14182_p2                                          | -   |        | sub_ln139_69       | sub  | fabric | 0       |
|    offset_w_27_fu_14188_p2                                           | -   |        | offset_w_27        | sub  | fabric | 0       |
|    sub_ln139_70_fu_14284_p2                                          | -   |        | sub_ln139_70       | sub  | fabric | 0       |
|    sub_ln140_70_fu_14290_p2                                          | -   |        | sub_ln140_70       | sub  | fabric | 0       |
|    sub_ln139_71_fu_14548_p2                                          | -   |        | sub_ln139_71       | sub  | fabric | 0       |
|    sub_ln140_71_fu_14554_p2                                          | -   |        | sub_ln140_71       | sub  | fabric | 0       |
|    acc_81_fu_18602_p2                                                | -   |        | acc_81             | add  | fabric | 0       |
|    add_ln142_64_fu_18612_p2                                          | -   |        | add_ln142_64       | add  | fabric | 0       |
|    acc_82_fu_18622_p2                                                | -   |        | acc_82             | add  | fabric | 0       |
|    add_ln142_67_fu_18638_p2                                          | -   |        | add_ln142_67       | add  | fabric | 0       |
|    add_ln142_68_fu_18648_p2                                          | -   |        | add_ln142_68       | add  | fabric | 0       |
|    add_ln142_70_fu_18668_p2                                          | -   |        | add_ln142_70       | add  | fabric | 0       |
|    acc_46_fu_18678_p2                                                | -   |        | acc_46             | add  | fabric | 0       |
|    sub_ln139_72_fu_14812_p2                                          | -   |        | sub_ln139_72       | sub  | fabric | 0       |
|    offset_w_28_fu_14818_p2                                           | -   |        | offset_w_28        | sub  | fabric | 0       |
|    sub_ln139_73_fu_14914_p2                                          | -   |        | sub_ln139_73       | sub  | fabric | 0       |
|    offset_w_29_fu_14920_p2                                           | -   |        | offset_w_29        | sub  | fabric | 0       |
|    sub_ln139_74_fu_15016_p2                                          | -   |        | sub_ln139_74       | sub  | fabric | 0       |
|    offset_w_30_fu_15022_p2                                           | -   |        | offset_w_30        | sub  | fabric | 0       |
|    sub_ln139_75_fu_15118_p2                                          | -   |        | sub_ln139_75       | sub  | fabric | 0       |
|    offset_w_31_fu_15124_p2                                           | -   |        | offset_w_31        | sub  | fabric | 0       |
|    sub_ln139_76_fu_15220_p2                                          | -   |        | sub_ln139_76       | sub  | fabric | 0       |
|    offset_w_32_fu_15226_p2                                           | -   |        | offset_w_32        | sub  | fabric | 0       |
|    sub_ln139_77_fu_15322_p2                                          | -   |        | sub_ln139_77       | sub  | fabric | 0       |
|    offset_w_33_fu_15328_p2                                           | -   |        | offset_w_33        | sub  | fabric | 0       |
|    sub_ln139_78_fu_15424_p2                                          | -   |        | sub_ln139_78       | sub  | fabric | 0       |
|    offset_w_34_fu_15430_p2                                           | -   |        | offset_w_34        | sub  | fabric | 0       |
|    sub_ln139_79_fu_15526_p2                                          | -   |        | sub_ln139_79       | sub  | fabric | 0       |
|    offset_w_35_fu_15532_p2                                           | -   |        | offset_w_35        | sub  | fabric | 0       |
|    sub_ln139_80_fu_15628_p2                                          | -   |        | sub_ln139_80       | sub  | fabric | 0       |
|    sub_ln140_80_fu_15634_p2                                          | -   |        | sub_ln140_80       | sub  | fabric | 0       |
|    acc_84_fu_18860_p2                                                | -   |        | acc_84             | add  | fabric | 0       |
|    add_ln142_73_fu_18870_p2                                          | -   |        | add_ln142_73       | add  | fabric | 0       |
|    acc_85_fu_18880_p2                                                | -   |        | acc_85             | add  | fabric | 0       |
|    add_ln142_76_fu_18896_p2                                          | -   |        | add_ln142_76       | add  | fabric | 0       |
|    add_ln142_77_fu_18906_p2                                          | -   |        | add_ln142_77       | add  | fabric | 0       |
|    add_ln142_79_fu_18926_p2                                          | -   |        | add_ln142_79       | add  | fabric | 0       |
|    acc_52_fu_18936_p2                                                | -   |        | acc_52             | add  | fabric | 0       |
|    sub_ln139_81_fu_15892_p2                                          | -   |        | sub_ln139_81       | sub  | fabric | 0       |
|    offset_w_36_fu_15898_p2                                           | -   |        | offset_w_36        | sub  | fabric | 0       |
|    sub_ln139_82_fu_15994_p2                                          | -   |        | sub_ln139_82       | sub  | fabric | 0       |
|    offset_w_37_fu_16000_p2                                           | -   |        | offset_w_37        | sub  | fabric | 0       |
|    sub_ln139_83_fu_16096_p2                                          | -   |        | sub_ln139_83       | sub  | fabric | 0       |
|    offset_w_38_fu_16102_p2                                           | -   |        | offset_w_38        | sub  | fabric | 0       |
|    sub_ln139_84_fu_16198_p2                                          | -   |        | sub_ln139_84       | sub  | fabric | 0       |
|    offset_w_39_fu_16204_p2                                           | -   |        | offset_w_39        | sub  | fabric | 0       |
|    sub_ln139_85_fu_16300_p2                                          | -   |        | sub_ln139_85       | sub  | fabric | 0       |
|    offset_w_40_fu_16306_p2                                           | -   |        | offset_w_40        | sub  | fabric | 0       |
|    sub_ln139_86_fu_16402_p2                                          | -   |        | sub_ln139_86       | sub  | fabric | 0       |
|    offset_w_41_fu_16408_p2                                           | -   |        | offset_w_41        | sub  | fabric | 0       |
|    sub_ln139_87_fu_16504_p2                                          | -   |        | sub_ln139_87       | sub  | fabric | 0       |
|    offset_w_42_fu_16510_p2                                           | -   |        | offset_w_42        | sub  | fabric | 0       |
|    sub_ln139_88_fu_16606_p2                                          | -   |        | sub_ln139_88       | sub  | fabric | 0       |
|    offset_w_43_fu_16612_p2                                           | -   |        | offset_w_43        | sub  | fabric | 0       |
|    sub_ln139_89_fu_16708_p2                                          | -   |        | sub_ln139_89       | sub  | fabric | 0       |
|    offset_w_44_fu_16714_p2                                           | -   |        | offset_w_44        | sub  | fabric | 0       |
|    acc_87_fu_19125_p2                                                | -   |        | acc_87             | add  | fabric | 0       |
|    add_ln142_82_fu_19135_p2                                          | -   |        | add_ln142_82       | add  | fabric | 0       |
|    acc_88_fu_19145_p2                                                | -   |        | acc_88             | add  | fabric | 0       |
|    add_ln142_85_fu_19161_p2                                          | -   |        | add_ln142_85       | add  | fabric | 0       |
|    add_ln142_86_fu_19171_p2                                          | -   |        | add_ln142_86       | add  | fabric | 0       |
|    add_ln142_88_fu_19191_p2                                          | -   |        | add_ln142_88       | add  | fabric | 0       |
|    acc_58_fu_19201_p2                                                | -   |        | acc_58             | add  | fabric | 0       |
+----------------------------------------------------------------------+-----+--------+--------------------+------+--------+---------+


================================================================
== Bind Storage Report
================================================================
  No bind storage info in design

================================================================
== Pragma Report
================================================================
* Ignored Pragmas
+------------+------------------------------------+------------------------------------------------------------------+-----------------------------------------------------------------------------------+
| Type       | Options                            | Location                                                         | Messages                                                                          |
+------------+------------------------------------+------------------------------------------------------------------+-----------------------------------------------------------------------------------+
| allocation | instances=compute_output_buffer_1d | firmware/nnet_utils/nnet_conv2d_stream.h:79 in conv_2d_buffer_cl | unexpected pragma argument 'compute_output_buffer_1d', expects function/operation |
| allocation | instances=compute_output_buffer_2d | firmware/nnet_utils/nnet_conv2d_stream.h:80 in conv_2d_buffer_cl | unexpected pragma argument 'compute_output_buffer_2d', expects function/operation |
+------------+------------------------------------+------------------------------------------------------------------+-----------------------------------------------------------------------------------+

* Pragmas with Warnings
+----------+-----------------------------------+-----------------------------------------------------------------------------------------+-----------------------------------------------------------------------------+
| Type     | Options                           | Location                                                                                | Messages                                                                    |
+----------+-----------------------------------+-----------------------------------------------------------------------------------------+-----------------------------------------------------------------------------+
| inline   | region                            | firmware/nnet_utils/nnet_conv2d.h:47 in conv_2d_cl                                      | 'region' in '#pragma HLS Inline' is deprecated, use 'Inline Pragma' instead |
| inline   | region                            | firmware/nnet_utils/nnet_conv2d.h:63 in pointwise_conv_2d_cl                            | 'region' in '#pragma HLS Inline' is deprecated, use 'Inline Pragma' instead |
| resource | variable=weights core=ROM_nP_BRAM | firmware/nnet_utils/nnet_dense_resource.h:33 in dense_resource_rf_leq_nin, weights      | 'Resource pragma' is deprecated, use 'bind_op/bind_storage pragma' instead  |
| resource | variable=weights core=ROM_nP_BRAM | firmware/nnet_utils/nnet_dense_resource.h:107 in dense_resource_rf_gt_nin_rem0, weights | 'Resource pragma' is deprecated, use 'bind_op/bind_storage pragma' instead  |
| resource | variable=weights core=ROM_nP_BRAM | firmware/nnet_utils/nnet_dense_resource.h:189 in dense_resource_rf_gt_nin, weights      | 'Resource pragma' is deprecated, use 'bind_op/bind_storage pragma' instead  |
+----------+-----------------------------------+-----------------------------------------------------------------------------------------+-----------------------------------------------------------------------------+

* Valid Pragma Syntax
+----------------------+-----------------------------------------------------------------------+------------------------------------------------------------------------------------------------+
| Type                 | Options                                                               | Location                                                                                       |
+----------------------+-----------------------------------------------------------------------+------------------------------------------------------------------------------------------------+
| inline               |                                                                       | firmware/model_test.cpp:22 in find_nonzero                                                     |
| array_partition      | variable=pair_arr type=complete dim=0                                 | firmware/model_test.cpp:46 in sparse_input_reduce, pair_arr                                    |
| array_partition      | variable=j_h_arr type=complete dim=0                                  | firmware/model_test.cpp:50 in sparse_input_reduce, j_h_arr                                     |
| array_partition      | variable=j_w_arr type=complete dim=0                                  | firmware/model_test.cpp:51 in sparse_input_reduce, j_w_arr                                     |
| unroll               |                                                                       | firmware/model_test.cpp:58 in sparse_input_reduce                                              |
| pipeline             |                                                                       | firmware/model_test.cpp:75 in sparse_input_reduce                                              |
| inline               |                                                                       | firmware/model_test.cpp:92 in sparse_mult                                                      |
| unroll               |                                                                       | firmware/model_test.cpp:129 in sparse_conv                                                     |
| unroll               |                                                                       | firmware/model_test.cpp:137 in sparse_conv                                                     |
| pipeline             |                                                                       | firmware/model_test.cpp:152 in sparse_relu                                                     |
| array_reshape        | variable=x_in complete dim=0                                          | firmware/model_test.cpp:172 in model_test, x_in                                                |
| array_partition      | variable=layer2_out complete dim=0                                    | firmware/model_test.cpp:173 in model_test, layer2_out                                          |
| interface            | ap_vld port=x_in,layer2_out                                           | firmware/model_test.cpp:174 in model_test, x_in,layer2_out                                     |
| dataflow             |                                                                       | firmware/model_test.cpp:175 in model_test                                                      |
| array_partition      | variable=sparse_arr_feat complete dim=0                               | firmware/model_test.cpp:194 in model_test, sparse_arr_feat                                     |
| array_partition      | variable=sparse_arr_hash complete dim=0                               | firmware/model_test.cpp:195 in model_test, sparse_arr_hash                                     |
| array_partition      | variable=sparse1_out complete dim=0                                   | firmware/model_test.cpp:199 in model_test, sparse1_out                                         |
| array_partition      | variable=data_buf complete dim=0                                      | firmware/nnet_utils/nnet_conv2d_latency.h:20 in conv_2d_latency_cl, data_buf                   |
| array_partition      | variable=mult complete                                                | firmware/nnet_utils/nnet_conv2d_latency.h:23 in conv_2d_latency_cl, mult                       |
| array_partition      | variable=acc complete                                                 | firmware/nnet_utils/nnet_conv2d_latency.h:26 in conv_2d_latency_cl, acc                        |
| array_partition      | variable=weights complete                                             | firmware/nnet_utils/nnet_conv2d_latency.h:28 in conv_2d_latency_cl, weights                    |
| array_partition      | variable=biases complete                                              | firmware/nnet_utils/nnet_conv2d_latency.h:29 in conv_2d_latency_cl, biases                     |
| allocation           | operation instances=mul limit=CONFIG_T::mult_config::multiplier_limit | firmware/nnet_utils/nnet_conv2d_latency.h:32 in conv_2d_latency_cl                             |
| pipeline             | II=CONFIG_T::reuse_factor rewind                                      | firmware/nnet_utils/nnet_conv2d_latency.h:36 in conv_2d_latency_cl                             |
| unroll               |                                                                       | firmware/nnet_utils/nnet_conv2d_latency.h:42 in conv_2d_latency_cl                             |
| unroll               |                                                                       | firmware/nnet_utils/nnet_conv2d_latency.h:49 in conv_2d_latency_cl                             |
| unroll               |                                                                       | firmware/nnet_utils/nnet_conv2d_latency.h:53 in conv_2d_latency_cl                             |
| unroll               |                                                                       | firmware/nnet_utils/nnet_conv2d_latency.h:63 in conv_2d_latency_cl                             |
| unroll               |                                                                       | firmware/nnet_utils/nnet_conv2d_latency.h:70 in conv_2d_latency_cl                             |
| unroll               |                                                                       | firmware/nnet_utils/nnet_conv2d_latency.h:73 in conv_2d_latency_cl                             |
| unroll               |                                                                       | firmware/nnet_utils/nnet_conv2d_latency.h:81 in conv_2d_latency_cl                             |
| array_partition      | variable=data_buf complete dim=0                                      | firmware/nnet_utils/nnet_conv2d_resource.h:27 in conv_2d_resource_cl, data_buf                 |
| array_reshape        | variable=weights block factor=block_factor                            | firmware/nnet_utils/nnet_conv2d_resource.h:29 in conv_2d_resource_cl, weights                  |
| array_partition      | variable=biases complete                                              | firmware/nnet_utils/nnet_conv2d_resource.h:30 in conv_2d_resource_cl, biases                   |
| array_partition      | variable=acc complete dim=0                                           | firmware/nnet_utils/nnet_conv2d_resource.h:33 in conv_2d_resource_cl, acc                      |
| unroll               |                                                                       | firmware/nnet_utils/nnet_conv2d_resource.h:43 in conv_2d_resource_cl                           |
| unroll               |                                                                       | firmware/nnet_utils/nnet_conv2d_resource.h:47 in conv_2d_resource_cl                           |
| pipeline             | II=1 rewind                                                           | firmware/nnet_utils/nnet_conv2d_resource.h:54 in conv_2d_resource_cl                           |
| unroll               |                                                                       | firmware/nnet_utils/nnet_conv2d_resource.h:63 in conv_2d_resource_cl                           |
| unroll               |                                                                       | firmware/nnet_utils/nnet_conv2d_resource.h:67 in conv_2d_resource_cl                           |
| unroll               |                                                                       | firmware/nnet_utils/nnet_conv2d_resource.h:93 in conv_2d_resource_cl                           |
| unroll               |                                                                       | firmware/nnet_utils/nnet_conv2d_resource.h:97 in conv_2d_resource_cl                           |
| unroll               |                                                                       | firmware/nnet_utils/nnet_conv2d_stream.h:20 in compute_scaled_indices_2d                       |
| stream               | variable=data_window[i_out] depth=win_depth                           | firmware/nnet_utils/nnet_conv2d_stream.h:39 in conv_2d_encoded_cl, data_window[i_out]          |
| array_partition      | variable=CONFIG_T::pixels complete                                    | firmware/nnet_utils/nnet_conv2d_stream.h:42 in conv_2d_encoded_cl, CONFIG_T::pixels            |
| array_partition      | variable=pixel_idx complete                                           | firmware/nnet_utils/nnet_conv2d_stream.h:49 in conv_2d_encoded_cl, pixel_idx                   |
| loop_flatten         |                                                                       | firmware/nnet_utils/nnet_conv2d_stream.h:55 in conv_2d_encoded_cl                              |
| pipeline             | II=CONFIG_T::reuse_factor                                             | firmware/nnet_utils/nnet_conv2d_stream.h:57 in conv_2d_encoded_cl                              |
| array_partition      | variable = line_buffer complete dim = 2                               | firmware/nnet_utils/nnet_conv2d_stream.h:76 in conv_2d_buffer_cl                               |
| loop_flatten         |                                                                       | firmware/nnet_utils/nnet_conv2d_stream.h:87 in conv_2d_buffer_cl                               |
| pipeline             | II=CONFIG_T::reuse_factor                                             | firmware/nnet_utils/nnet_conv2d_stream.h:89 in conv_2d_buffer_cl                               |
| inline               | recursive                                                             | firmware/nnet_utils/nnet_conv2d_stream.h:105 in conv_2d_cl                                     |
| inline               |                                                                       | firmware/nnet_utils/nnet_conv_stream.h:17 in scale_index_k_gte_s                               |
| inline               |                                                                       | firmware/nnet_utils/nnet_conv_stream.h:38 in scale_index_k_lt_s                                |
| inline               |                                                                       | firmware/nnet_utils/nnet_conv_stream.h:61 in scale_index                                       |
| inline               |                                                                       | firmware/nnet_utils/nnet_conv_stream.h:74 in scale_index                                       |
| inline               |                                                                       | firmware/nnet_utils/nnet_conv_stream.h:84 in mult_buffer                                       |
| array_partition      | variable = data complete                                              | firmware/nnet_utils/nnet_conv_stream.h:87 in mult_buffer                                       |
| array_partition      | variable = res complete                                               | firmware/nnet_utils/nnet_conv_stream.h:89 in mult_buffer                                       |
| unroll               |                                                                       | firmware/nnet_utils/nnet_conv_stream.h:93 in mult_buffer                                       |
| inline               | recursive                                                             | firmware/nnet_utils/nnet_conv_stream.h:97 in mult_buffer                                       |
| unroll               |                                                                       | firmware/nnet_utils/nnet_conv_stream.h:103 in mult_buffer                                      |
| inline               |                                                                       | firmware/nnet_utils/nnet_conv_stream.h:129 in compute_output_encoded                           |
| pipeline             | II = CONFIG_T::reuse_factor                                           | firmware/nnet_utils/nnet_conv_stream.h:133 in compute_output_encoded                           |
| unroll               |                                                                       | firmware/nnet_utils/nnet_conv_stream.h:136 in compute_output_encoded                           |
| unroll               |                                                                       | firmware/nnet_utils/nnet_conv_stream.h:139 in compute_output_encoded                           |
| inline               |                                                                       | firmware/nnet_utils/nnet_conv_stream.h:156 in kernel_shift_1d                                  |
| pipeline             | II = 1                                                                | firmware/nnet_utils/nnet_conv_stream.h:162 in kernel_shift_1d                                  |
| unroll               |                                                                       | firmware/nnet_utils/nnet_conv_stream.h:165 in kernel_shift_1d                                  |
| unroll               |                                                                       | firmware/nnet_utils/nnet_conv_stream.h:175 in kernel_shift_1d                                  |
| inline               |                                                                       | firmware/nnet_utils/nnet_conv_stream.h:184 in kernel_shift_2d                                  |
| pipeline             | II = 1                                                                | firmware/nnet_utils/nnet_conv_stream.h:190 in kernel_shift_2d                                  |
| unroll               |                                                                       | firmware/nnet_utils/nnet_conv_stream.h:206 in kernel_shift_2d                                  |
| pipeline             |                                                                       | firmware/nnet_utils/nnet_conv_stream.h:221 in shift_line_buffer                                |
| array_partition      | variable = shift_buffer complete dim = 0                              | firmware/nnet_utils/nnet_conv_stream.h:225 in shift_line_buffer                                |
| unroll               |                                                                       | firmware/nnet_utils/nnet_conv_stream.h:229 in shift_line_buffer                                |
| unroll               |                                                                       | firmware/nnet_utils/nnet_conv_stream.h:240 in shift_line_buffer                                |
| inline               | OFF                                                                   | firmware/nnet_utils/nnet_conv_stream.h:258 in compute_output_buffer_2d                         |
| array_partition      | variable = kernel_data complete                                       | firmware/nnet_utils/nnet_conv_stream.h:272 in compute_output_buffer_2d                         |
| array_partition      | variable = res_out complete dim = 0                                   | firmware/nnet_utils/nnet_conv_stream.h:275 in compute_output_buffer_2d                         |
| unroll               |                                                                       | firmware/nnet_utils/nnet_conv_stream.h:294 in compute_output_buffer_2d                         |
| inline               | OFF                                                                   | firmware/nnet_utils/nnet_conv_stream.h:328 in compute_output_buffer_1d                         |
| array_partition      | variable = kernel_data complete                                       | firmware/nnet_utils/nnet_conv_stream.h:338 in compute_output_buffer_1d                         |
| array_partition      | variable = res_out complete dim = 0                                   | firmware/nnet_utils/nnet_conv_stream.h:341 in compute_output_buffer_1d                         |
| unroll               |                                                                       | firmware/nnet_utils/nnet_conv_stream.h:360 in compute_output_buffer_1d                         |
| inline               |                                                                       | firmware/nnet_utils/nnet_dense.h:44 in dense                                                   |
| inline               |                                                                       | firmware/nnet_utils/nnet_dense.h:53 in dense                                                   |
| inline               |                                                                       | firmware/nnet_utils/nnet_dense.h:64 in dense                                                   |
| inline               |                                                                       | firmware/nnet_utils/nnet_dense.h:75 in dense                                                   |
| function_instantiate | variable=weights,biases                                               | firmware/nnet_utils/nnet_dense_latency.h:21 in dense_latency, weights,biases                   |
| pipeline             | II=CONFIG_T::reuse_factor                                             | firmware/nnet_utils/nnet_dense_latency.h:26 in dense_latency                                   |
| array_partition      | variable=biases complete                                              | firmware/nnet_utils/nnet_dense_latency.h:29 in dense_latency, biases                           |
| array_partition      | variable=mult complete                                                | firmware/nnet_utils/nnet_dense_latency.h:30 in dense_latency, mult                             |
| array_partition      | variable=acc complete                                                 | firmware/nnet_utils/nnet_dense_latency.h:31 in dense_latency, acc                              |
| allocation           | operation instances=mul limit=CONFIG_T::multiplier_limit              | firmware/nnet_utils/nnet_dense_latency.h:33 in dense_latency                                   |
| function_instantiate | variable=weights,biases                                               | firmware/nnet_utils/nnet_dense_resource.h:28 in dense_resource_rf_leq_nin, weights,biases      |
| array_reshape        | variable=weights block factor=block_factor                            | firmware/nnet_utils/nnet_dense_resource.h:29 in dense_resource_rf_leq_nin, weights             |
| array_partition      | variable=biases complete                                              | firmware/nnet_utils/nnet_dense_resource.h:30 in dense_resource_rf_leq_nin, biases              |
| array_partition      | variable=acc complete                                                 | firmware/nnet_utils/nnet_dense_resource.h:37 in dense_resource_rf_leq_nin, acc                 |
| unroll               |                                                                       | firmware/nnet_utils/nnet_dense_resource.h:41 in dense_resource_rf_leq_nin                      |
| pipeline             | II=1 rewind                                                           | firmware/nnet_utils/nnet_dense_resource.h:47 in dense_resource_rf_leq_nin                      |
| unroll               |                                                                       | firmware/nnet_utils/nnet_dense_resource.h:56 in dense_resource_rf_leq_nin                      |
| unroll               |                                                                       | firmware/nnet_utils/nnet_dense_resource.h:81 in dense_resource_rf_leq_nin                      |
| function_instantiate | variable=weights,biases                                               | firmware/nnet_utils/nnet_dense_resource.h:102 in dense_resource_rf_gt_nin_rem0, weights,biases |
| array_reshape        | variable=weights block factor=block_factor                            | firmware/nnet_utils/nnet_dense_resource.h:103 in dense_resource_rf_gt_nin_rem0, weights        |
| array_partition      | variable=biases complete                                              | firmware/nnet_utils/nnet_dense_resource.h:104 in dense_resource_rf_gt_nin_rem0, biases         |
| array_partition      | variable=acc complete                                                 | firmware/nnet_utils/nnet_dense_resource.h:111 in dense_resource_rf_gt_nin_rem0, acc            |
| unroll               |                                                                       | firmware/nnet_utils/nnet_dense_resource.h:115 in dense_resource_rf_gt_nin_rem0                 |
| pipeline             | II=1 rewind                                                           | firmware/nnet_utils/nnet_dense_resource.h:136 in dense_resource_rf_gt_nin_rem0                 |
| unroll               |                                                                       | firmware/nnet_utils/nnet_dense_resource.h:143 in dense_resource_rf_gt_nin_rem0                 |
| unroll               |                                                                       | firmware/nnet_utils/nnet_dense_resource.h:163 in dense_resource_rf_gt_nin_rem0                 |
| function_instantiate | variable=weights,biases                                               | firmware/nnet_utils/nnet_dense_resource.h:184 in dense_resource_rf_gt_nin, weights,biases      |
| array_reshape        | variable=weights block factor=block_factor                            | firmware/nnet_utils/nnet_dense_resource.h:185 in dense_resource_rf_gt_nin, weights             |
| array_partition      | variable=biases complete                                              | firmware/nnet_utils/nnet_dense_resource.h:186 in dense_resource_rf_gt_nin, biases              |
| array_partition      | variable=acc complete                                                 | firmware/nnet_utils/nnet_dense_resource.h:193 in dense_resource_rf_gt_nin, acc                 |
| unroll               |                                                                       | firmware/nnet_utils/nnet_dense_resource.h:197 in dense_resource_rf_gt_nin                      |
| pipeline             | II=1 rewind                                                           | firmware/nnet_utils/nnet_dense_resource.h:203 in dense_resource_rf_gt_nin                      |
| array_partition      | variable=tmpmult complete                                             | firmware/nnet_utils/nnet_dense_resource.h:205 in dense_resource_rf_gt_nin, tmpmult             |
| unroll               |                                                                       | firmware/nnet_utils/nnet_dense_resource.h:209 in dense_resource_rf_gt_nin                      |
| array_partition      | variable=mult complete                                                | firmware/nnet_utils/nnet_dense_resource.h:219 in dense_resource_rf_gt_nin, mult                |
| unroll               |                                                                       | firmware/nnet_utils/nnet_dense_resource.h:223 in dense_resource_rf_gt_nin                      |
| unroll               |                                                                       | firmware/nnet_utils/nnet_dense_resource.h:229 in dense_resource_rf_gt_nin                      |
| unroll               |                                                                       | firmware/nnet_utils/nnet_dense_resource.h:239 in dense_resource_rf_gt_nin                      |
| unroll               |                                                                       | firmware/nnet_utils/nnet_dense_resource.h:249 in dense_resource_rf_gt_nin                      |
| inline               | recursive                                                             | firmware/nnet_utils/nnet_dense_resource.h:259 in dense_resource                                |
| inline               |                                                                       | firmware/nnet_utils/nnet_mult.h:25 in product                                                  |
| inline               |                                                                       | firmware/nnet_utils/nnet_mult.h:34 in product                                                  |
| inline               |                                                                       | firmware/nnet_utils/nnet_mult.h:46 in product                                                  |
| inline               |                                                                       | firmware/nnet_utils/nnet_mult.h:58 in product                                                  |
| inline               |                                                                       | firmware/nnet_utils/nnet_mult.h:72 in product                                                  |
| inline               |                                                                       | firmware/nnet_utils/nnet_mult.h:82 in product                                                  |
| unroll               |                                                                       | firmware/nnet_utils/nnet_types.h:28 in operator=                                               |
+----------------------+-----------------------------------------------------------------------+------------------------------------------------------------------------------------------------+


